Archive member included because of file (symbol)

c:/altera/nios2eds/bin/gnu/h-i686-mingw32/bin/../lib/gcc/nios2-elf/4.1.2\libgcc.a(_addsub_sf.o)
                              obj/default/hello_world.o (__subsf3)
c:/altera/nios2eds/bin/gnu/h-i686-mingw32/bin/../lib/gcc/nios2-elf/4.1.2\libgcc.a(_mul_sf.o)
                              obj/default/hello_world.o (__mulsf3)
c:/altera/nios2eds/bin/gnu/h-i686-mingw32/bin/../lib/gcc/nios2-elf/4.1.2\libgcc.a(_div_sf.o)
                              obj/default/hello_world.o (__divsf3)
c:/altera/nios2eds/bin/gnu/h-i686-mingw32/bin/../lib/gcc/nios2-elf/4.1.2\libgcc.a(_sf_to_df.o)
                              obj/default/hello_world.o (__extendsfdf2)
c:/altera/nios2eds/bin/gnu/h-i686-mingw32/bin/../lib/gcc/nios2-elf/4.1.2\libgcc.a(_thenan_sf.o)
                              c:/altera/nios2eds/bin/gnu/h-i686-mingw32/bin/../lib/gcc/nios2-elf/4.1.2\libgcc.a(_addsub_sf.o) (__thenan_sf)
c:/altera/nios2eds/bin/gnu/h-i686-mingw32/bin/../lib/gcc/nios2-elf/4.1.2\libgcc.a(_addsub_df.o)
                              obj/default/hello_world.o (__subdf3)
c:/altera/nios2eds/bin/gnu/h-i686-mingw32/bin/../lib/gcc/nios2-elf/4.1.2\libgcc.a(_div_df.o)
                              obj/default/hello_world.o (__divdf3)
c:/altera/nios2eds/bin/gnu/h-i686-mingw32/bin/../lib/gcc/nios2-elf/4.1.2\libgcc.a(_make_df.o)
                              c:/altera/nios2eds/bin/gnu/h-i686-mingw32/bin/../lib/gcc/nios2-elf/4.1.2\libgcc.a(_sf_to_df.o) (__make_dp)
c:/altera/nios2eds/bin/gnu/h-i686-mingw32/bin/../lib/gcc/nios2-elf/4.1.2\libgcc.a(_thenan_df.o)
                              c:/altera/nios2eds/bin/gnu/h-i686-mingw32/bin/../lib/gcc/nios2-elf/4.1.2\libgcc.a(_addsub_df.o) (__thenan_df)
c:/altera/nios2eds/bin/gnu/h-i686-mingw32/bin/../lib/gcc/nios2-elf/4.1.2\libgcc.a(_usi_to_df.o)
                              obj/default/hello_world.o (__floatunsidf)
c:/altera/nios2eds/bin/gnu/h-i686-mingw32/bin/../lib/gcc/nios2-elf/4.1.2\libgcc.a(_muldi3.o)
                              c:/altera/nios2eds/bin/gnu/h-i686-mingw32/bin/../lib/gcc/nios2-elf/4.1.2\libgcc.a(_mul_sf.o) (__muldi3)
c:/altera/nios2eds/bin/gnu/h-i686-mingw32/bin/../lib/gcc/nios2-elf/4.1.2\libgcc.a(_clzsi2.o)
                              c:/altera/nios2eds/bin/gnu/h-i686-mingw32/bin/../lib/gcc/nios2-elf/4.1.2\libgcc.a(_usi_to_df.o) (__clzsi2)
c:/altera/nios2eds/bin/gnu/h-i686-mingw32/bin/../lib/gcc/nios2-elf/4.1.2\libgcc.a(_pack_sf.o)
                              c:/altera/nios2eds/bin/gnu/h-i686-mingw32/bin/../lib/gcc/nios2-elf/4.1.2\libgcc.a(_addsub_sf.o) (__pack_f)
c:/altera/nios2eds/bin/gnu/h-i686-mingw32/bin/../lib/gcc/nios2-elf/4.1.2\libgcc.a(_unpack_sf.o)
                              c:/altera/nios2eds/bin/gnu/h-i686-mingw32/bin/../lib/gcc/nios2-elf/4.1.2\libgcc.a(_addsub_sf.o) (__unpack_f)
c:/altera/nios2eds/bin/gnu/h-i686-mingw32/bin/../lib/gcc/nios2-elf/4.1.2\libgcc.a(_pack_df.o)
                              c:/altera/nios2eds/bin/gnu/h-i686-mingw32/bin/../lib/gcc/nios2-elf/4.1.2\libgcc.a(_addsub_df.o) (__pack_d)
c:/altera/nios2eds/bin/gnu/h-i686-mingw32/bin/../lib/gcc/nios2-elf/4.1.2\libgcc.a(_unpack_df.o)
                              c:/altera/nios2eds/bin/gnu/h-i686-mingw32/bin/../lib/gcc/nios2-elf/4.1.2\libgcc.a(_addsub_df.o) (__unpack_d)
c:/altera/nios2eds/bin/gnu/h-i686-mingw32/bin/../lib/gcc/nios2-elf/4.1.2\libgcc.a(_clz.o)
                              c:/altera/nios2eds/bin/gnu/h-i686-mingw32/bin/../lib/gcc/nios2-elf/4.1.2\libgcc.a(_clzsi2.o) (__clz_tab)
c:/altera/nios2eds/bin/gnu/h-i686-mingw32/bin/../lib/gcc/nios2-elf/4.1.2/../../../../nios2-elf/lib\libc.a(lib_a-efgcvt.o)
                              obj/default/hello_world.o (gcvt)
c:/altera/nios2eds/bin/gnu/h-i686-mingw32/bin/../lib/gcc/nios2-elf/4.1.2/../../../../nios2-elf/lib\libc.a(lib_a-impure.o)
                              c:/altera/nios2eds/bin/gnu/h-i686-mingw32/bin/../lib/gcc/nios2-elf/4.1.2/../../../../nios2-elf/lib\libc.a(lib_a-efgcvt.o) (_impure_ptr)
c:/altera/nios2eds/bin/gnu/h-i686-mingw32/bin/../lib/gcc/nios2-elf/4.1.2/../../../../nios2-elf/lib\libc.a(lib_a-malloc.o)
                              obj/default/hello_world.o (free)
c:/altera/nios2eds/bin/gnu/h-i686-mingw32/bin/../lib/gcc/nios2-elf/4.1.2/../../../../nios2-elf/lib\libc.a(lib_a-mallocr.o)
                              c:/altera/nios2eds/bin/gnu/h-i686-mingw32/bin/../lib/gcc/nios2-elf/4.1.2/../../../../nios2-elf/lib\libc.a(lib_a-malloc.o) (_malloc_r)
c:/altera/nios2eds/bin/gnu/h-i686-mingw32/bin/../lib/gcc/nios2-elf/4.1.2/../../../../nios2-elf/lib\libc.a(lib_a-memcpy.o)
                              obj/default/hello_world.o (memcpy)
c:/altera/nios2eds/bin/gnu/h-i686-mingw32/bin/../lib/gcc/nios2-elf/4.1.2/../../../../nios2-elf/lib\libc.a(lib_a-sbrkr.o)
                              c:/altera/nios2eds/bin/gnu/h-i686-mingw32/bin/../lib/gcc/nios2-elf/4.1.2/../../../../nios2-elf/lib\libc.a(lib_a-mallocr.o) (_sbrk_r)
[...]
Memory Configuration

Name             Origin             Length             Attributes
reset            0x00800000         0x00000020
sdram            0x00800020         0x007fffe0
*default*        0x00000000         0xffffffff

Linker script and memory map

LOAD ../software_bsp//obj/HAL/src/crt0.o
LOAD obj/default/hello_world.o
LOAD c:/altera/nios2eds/bin/gnu/h-i686-mingw32/bin/../lib/gcc/nios2-elf/4.1.2/../../../../nios2-elf/lib\libstdc++.a
LOAD c:/altera/nios2eds/bin/gnu/h-i686-mingw32/bin/../lib/gcc/nios2-elf/4.1.2/../../../../nios2-elf/lib\libm.a
LOAD c:/altera/nios2eds/bin/gnu/h-i686-mingw32/bin/../lib/gcc/nios2-elf/4.1.2\libgcc.a
START GROUP
LOAD c:/altera/nios2eds/bin/gnu/h-i686-mingw32/bin/../lib/gcc/nios2-elf/4.1.2/../../../../nios2-elf/lib\libc.a
LOAD c:/altera/nios2eds/bin/gnu/h-i686-mingw32/bin/../lib/gcc/nios2-elf/4.1.2\libgcc.a
LOAD ../software_bsp/\libhal_bsp.a
END GROUP
LOAD c:/altera/nios2eds/bin/gnu/h-i686-mingw32/bin/../lib/gcc/nios2-elf/4.1.2\libgcc.a
                0x00800000                __alt_mem_sdram = 0x800000

.entry          0x00800000       0x20
 *(.entry)
 .entry         0x00800000       0x20 ../software_bsp//obj/HAL/src/crt0.o
                0x00800000                __reset

.exceptions     0x00800020      0x164
                0x00800020                PROVIDE (__ram_exceptions_start, ABSOLUTE (.))
                0x00800020                . = ALIGN (0x20)
 *(.irq)
 *(.exceptions.entry.label)
 .exceptions.entry.label
                0x00800020        0x0 ../software_bsp/\libhal_bsp.a(alt_irq_entry.o)
                0x00800020                alt_irq_entry
 .exceptions.entry.label
                0x00800020        0x0 ../software_bsp/\libhal_bsp.a(alt_exception_entry.o)
                0x00800020                alt_exception
 *(.exceptions.entry.user)
 *(.exceptions.entry)
 .exceptions.entry
                0x00800020       0x54 ../software_bsp/\libhal_bsp.a(alt_exception_entry.o)
 *(.exceptions.irqtest.user)
 *(.exceptions.irqtest)
 .exceptions.irqtest
                0x00800074       0x10 ../software_bsp/\libhal_bsp.a(alt_irq_entry.o)
 *(.exceptions.irqhandler.user)
 *(.exceptions.irqhandler)
 .exceptions.irqhandler
                0x00800084        0x4 ../software_bsp/\libhal_bsp.a(alt_irq_entry.o)
 *(.exceptions.irqreturn.user)
 *(.exceptions.irqreturn)
 .exceptions.irqreturn
                0x00800088        0x4 ../software_bsp/\libhal_bsp.a(alt_irq_entry.o)
 *(.exceptions.notirq.label)
 .exceptions.notirq.label
                0x0080008c        0x0 ../software_bsp/\libhal_bsp.a(alt_irq_entry.o)
 *(.exceptions.notirq.user)
 *(.exceptions.notirq)
 .exceptions.notirq
                0x0080008c        0x8 ../software_bsp/\libhal_bsp.a(alt_exception_entry.o)
 *(.exceptions.soft.user)
 *(.exceptions.soft)
 *(.exceptions.unknown.user)
 *(.exceptions.unknown)
 .exceptions.unknown
                0x00800094        0x4 ../software_bsp/\libhal_bsp.a(alt_exception_entry.o)
 *(.exceptions.exit.label)
 .exceptions.exit.label
                0x00800098        0x0 ../software_bsp/\libhal_bsp.a(alt_irq_entry.o)
 .exceptions.exit.label
                0x00800098        0x0 ../software_bsp/\libhal_bsp.a(alt_exception_entry.o)
 *(.exceptions.exit.user)
 *(.exceptions.exit)
 .exceptions.exit
                0x00800098       0x54 ../software_bsp/\libhal_bsp.a(alt_exception_entry.o)
 *(.exceptions)
 .exceptions    0x008000ec       0x98 ../software_bsp/\libhal_bsp.a(alt_irq_handler.o)
                0x008000ec                alt_irq_handler
                0x00800184                PROVIDE (__ram_exceptions_end, ABSOLUTE (.))
                0x00800020                PROVIDE (__flash_exceptions_start, LOADADDR (.exceptions))

.text           0x00800184     0x9d74
                0x00800184                PROVIDE (stext, ABSOLUTE (.))
 *(.interp)
 *(.hash)
 *(.dynsym)
 *(.dynstr)
 *(.gnu.version)
 *(.gnu.version_d)
 *(.gnu.version_r)
 *(.rel.init)
 *(.rela.init)
 *(.rel.text .rel.text.* .rel.gnu.linkonce.t.*)
 *(.rela.text .rela.text.* .rela.gnu.linkonce.t.*)
 *(.rel.fini)
 *(.rela.fini)
 *(.rel.rodata .rel.rodata.* .rel.gnu.linkonce.r.*)
 *(.rela.rodata .rela.rodata.* .rela.gnu.linkonce.r.*)
 *(.rel.data .rel.data.* .rel.gnu.linkonce.d.*)
 *(.rela.data .rela.data.* .rela.gnu.linkonce.d.*)
 *(.rel.tdata .rel.tdata.* .rel.gnu.linkonce.td.*)
 *(.rela.tdata .rela.tdata.* .rela.gnu.linkonce.td.*)
 *(.rel.tbss .rel.tbss.* .rel.gnu.linkonce.tb.*)
 *(.rela.tbss .rela.tbss.* .rela.gnu.linkonce.tb.*)
 *(.rel.ctors)
 *(.rela.ctors)
 *(.rel.dtors)
 *(.rela.dtors)
 *(.rel.got)
 *(.rela.got)
 *(.rel.sdata .rel.sdata.* .rel.gnu.linkonce.s.*)
 *(.rela.sdata .rela.sdata.* .rela.gnu.linkonce.s.*)
 *(.rel.sbss .rel.sbss.* .rel.gnu.linkonce.sb.*)
 *(.rela.sbss .rela.sbss.* .rela.gnu.linkonce.sb.*)
 *(.rel.sdata2 .rel.sdata2.* .rel.gnu.linkonce.s2.*)
 *(.rela.sdata2 .rela.sdata2.* .rela.gnu.linkonce.s2.*)
 *(.rel.sbss2 .rel.sbss2.* .rel.gnu.linkonce.sb2.*)
 *(.rela.sbss2 .rela.sbss2.* .rela.gnu.linkonce.sb2.*)
 *(.rel.bss .rel.bss.* .rel.gnu.linkonce.b.*)
 *(.rela.bss .rela.bss.* .rela.gnu.linkonce.b.*)
 *(.rel.plt)
 *(.rela.plt)
 *(.rel.dyn)
 *(.init)
 *(.plt)
 *(.text .stub .text.* .gnu.linkonce.t.*)
 .text          0x00800184       0x3c ../software_bsp//obj/HAL/src/crt0.o
                0x00800184                _start
 .text          0x008001c0      0x470 obj/default/hello_world.o
                0x008001c0                getAt
                0x008001dc                putAt
                0x008001fc                determinant
                0x008004d4                main
 .text          0x00800630      0x2b8 c:/altera/nios2eds/bin/gnu/h-i686-mingw32/bin/../lib/gcc/nios2-elf/4.1.2\libgcc.a(_addsub_sf.o)
                0x00800814                __subsf3
                0x00800884                __addsf3
 .text          0x008008e8      0x1e0 c:/altera/nios2eds/bin/gnu/h-i686-mingw32/bin/../lib/gcc/nios2-elf/4.1.2\libgcc.a(_mul_sf.o)
                0x008008e8                __mulsf3
 .text          0x00800ac8      0x174 c:/altera/nios2eds/bin/gnu/h-i686-mingw32/bin/../lib/gcc/nios2-elf/4.1.2\libgcc.a(_div_sf.o)
                0x00800ac8                __divsf3
 .text          0x00800c3c       0x54 c:/altera/nios2eds/bin/gnu/h-i686-mingw32/bin/../lib/gcc/nios2-elf/4.1.2\libgcc.a(_sf_to_df.o)
                0x00800c3c                __extendsfdf2
 .text          0x00800c90        0x0 c:/altera/nios2eds/bin/gnu/h-i686-mingw32/bin/../lib/gcc/nios2-elf/4.1.2\libgcc.a(_thenan_sf.o)
 .text          0x00800c90      0x504 c:/altera/nios2eds/bin/gnu/h-i686-mingw32/bin/../lib/gcc/nios2-elf/4.1.2\libgcc.a(_addsub_df.o)
                0x008010a0                __subdf3
                0x00801120                __adddf3
 .text          0x00801194      0x258 c:/altera/nios2eds/bin/gnu/h-i686-mingw32/bin/../lib/gcc/nios2-elf/4.1.2\libgcc.a(_div_df.o)
                0x00801194                __divdf3
 .text          0x008013ec       0x38 c:/altera/nios2eds/bin/gnu/h-i686-mingw32/bin/../lib/gcc/nios2-elf/4.1.2\libgcc.a(_make_df.o)
                0x008013ec                __make_dp
 .text          0x00801424        0x0 c:/altera/nios2eds/bin/gnu/h-i686-mingw32/bin/../lib/gcc/nios2-elf/4.1.2\libgcc.a(_thenan_df.o)
 .text          0x00801424      0x194 c:/altera/nios2eds/bin/gnu/h-i686-mingw32/bin/../lib/gcc/nios2-elf/4.1.2\libgcc.a(_usi_to_df.o)
                0x00801424                __floatunsidf
 .text          0x008015b8       0x98 c:/altera/nios2eds/bin/gnu/h-i686-mingw32/bin/../lib/gcc/nios2-elf/4.1.2\libgcc.a(_muldi3.o)
                0x008015b8                __muldi3
 .text          0x00801650       0x80 c:/altera/nios2eds/bin/gnu/h-i686-mingw32/bin/../lib/gcc/nios2-elf/4.1.2\libgcc.a(_clzsi2.o)
                0x00801650                __clzsi2
 .text          0x008016d0      0x160 c:/altera/nios2eds/bin/gnu/h-i686-mingw32/bin/../lib/gcc/nios2-elf/4.1.2\libgcc.a(_pack_sf.o)
                0x008016d0                __pack_f
 .text          0x00801830       0xc8 c:/altera/nios2eds/bin/gnu/h-i686-mingw32/bin/../lib/gcc/nios2-elf/4.1.2\libgcc.a(_unpack_sf.o)
                0x00801830                __unpack_f
 .text          0x008018f8      0x314 c:/altera/nios2eds/bin/gnu/h-i686-mingw32/bin/../lib/gcc/nios2-elf/4.1.2\libgcc.a(_pack_df.o)
                0x008018f8                __pack_d
 .text          0x00801c0c      0x138 c:/altera/nios2eds/bin/gnu/h-i686-mingw32/bin/../lib/gcc/nios2-elf/4.1.2\libgcc.a(_unpack_df.o)
                0x00801c0c                __unpack_d
 .text          0x00801d44        0x0 c:/altera/nios2eds/bin/gnu/h-i686-mingw32/bin/../lib/gcc/nios2-elf/4.1.2\libgcc.a(_clz.o)
 .text          0x00801d44      0x1fc c:/altera/nios2eds/bin/gnu/h-i686-mingw32/bin/../lib/gcc/nios2-elf/4.1.2/../../../../nios2-elf/lib\libc.a(lib_a-efgcvt.o)
                0x00801d44                gcvt
                0x00801e10                gcvtf
                0x00801e50                ecvt
                0x00801e74                ecvtf
                0x00801ec8                fcvt
                0x00801eec                fcvtf
 .text          0x00801f40        0x0 c:/altera/nios2eds/bin/gnu/h-i686-mingw32/bin/../lib/gcc/nios2-elf/4.1.2/../../../../nios2-elf/lib\libc.a(lib_a-impure.o)
 .text          0x00801f40       0x28 c:/altera/nios2eds/bin/gnu/h-i686-mingw32/bin/../lib/gcc/nios2-elf/4.1.2/../../../../nios2-elf/lib\libc.a(lib_a-malloc.o)
                0x00801f40                free
                0x00801f54                malloc
 .text          0x00801f68      0x740 c:/altera/nios2eds/bin/gnu/h-i686-mingw32/bin/../lib/gcc/nios2-elf/4.1.2/../../../../nios2-elf/lib\libc.a(lib_a-mallocr.o)
                0x00801f68                _malloc_r
 .text          0x008026a8       0xa0 c:/altera/nios2eds/bin/gnu/h-i686-mingw32/bin/../lib/gcc/nios2-elf/4.1.2/../../../../nios2-elf/lib\libc.a(lib_a-memcpy.o)
                0x008026a8                memcpy
 .text          0x00802748       0x70 c:/altera/nios2eds/bin/gnu/h-i686-mingw32/bin/../lib/gcc/nios2-elf/4.1.2/../../../../nios2-elf/lib\libc.a(lib_a-sbrkr.o)
                0x00802748                _sbrk_r
 .text          0x008027b8      0xab8 c:/altera/nios2eds/bin/gnu/h-i686-mingw32/bin/../lib/gcc/nios2-elf/4.1.2/../../../../nios2-elf/lib\libc.a(lib_a-ecvtbuf.o)
                0x008029a8                _gcvt
                0x00802c88                _dcvt
                0x00802f80                ecvtbuf
                0x008030c8                fcvtbuf
 .text          0x00803270      0x440 c:/altera/nios2eds/bin/gnu/h-i686-mingw32/bin/../lib/gcc/nios2-elf/4.1.2/../../../../nios2-elf/lib\libc.a(lib_a-freer.o)
                0x00803270                _malloc_trim_r
                0x0080339c                _free_r
 .text          0x008036b0        0x0 c:/altera/nios2eds/bin/gnu/h-i686-mingw32/bin/../lib/gcc/nios2-elf/4.1.2/../../../../nios2-elf/lib\libc.a(lib_a-int_errno.o)
 .text          0x008036b0      0xff4 c:/altera/nios2eds/bin/gnu/h-i686-mingw32/bin/../lib/gcc/nios2-elf/4.1.2/../../../../nios2-elf/lib\libc.a(lib_a-mprec.o)
                0x008036b0                _Bfree
                0x008036d8                __hi0bits
                0x00803748                __lo0bits
                0x0080380c                __mcmp
                0x0080386c                __ulp
                0x008038ec                __b2d
                0x00803a0c                __ratio
                0x00803abc                _mprec_log10
                0x00803b50                __copybits
                0x00803ba8                __any_on
                0x00803c30                _Balloc
                0x00803cec                __d2b
                0x00803e68                __mdiff
                0x00803ff4                __lshift
                0x00804140                __multiply
                0x00804328                __i2b
                0x00804364                __multadd
                0x00804464                __pow5mult
                0x00804584                __s2b
 .text          0x008046a4      0x5f4 c:/altera/nios2eds/bin/gnu/h-i686-mingw32/bin/../lib/gcc/nios2-elf/4.1.2/../../../../nios2-elf/lib\libc.a(lib_a-reallocr.o)
                0x008046a4                _realloc_r
 .text          0x00804c98       0x8c c:/altera/nios2eds/bin/gnu/h-i686-mingw32/bin/../lib/gcc/nios2-elf/4.1.2/../../../../nios2-elf/lib\libc.a(lib_a-strcpy.o)
                0x00804c98                strcpy
 .text          0x00804d24       0xb4 c:/altera/nios2eds/bin/gnu/h-i686-mingw32/bin/../lib/gcc/nios2-elf/4.1.2/../../../../nios2-elf/lib\libc.a(lib_a-callocr.o)
                0x00804d24                _calloc_r
 .text          0x00804dd8     0x17cc c:/altera/nios2eds/bin/gnu/h-i686-mingw32/bin/../lib/gcc/nios2-elf/4.1.2/../../../../nios2-elf/lib\libc.a(lib_a-dtoa.o)
                0x00804ff0                _dtoa_r
 .text          0x008065a4       0xe0 c:/altera/nios2eds/bin/gnu/h-i686-mingw32/bin/../lib/gcc/nios2-elf/4.1.2/../../../../nios2-elf/lib\libc.a(lib_a-memmove.o)
                0x008065a4                memmove
 .text          0x00806684       0x98 c:/altera/nios2eds/bin/gnu/h-i686-mingw32/bin/../lib/gcc/nios2-elf/4.1.2/../../../../nios2-elf/lib\libc.a(lib_a-memset.o)
                0x00806684                memset
 .text          0x0080671c      0x3c4 c:/altera/nios2eds/bin/gnu/h-i686-mingw32/bin/../lib/gcc/nios2-elf/4.1.2\libgcc.a(_mul_df.o)
                0x0080671c                __muldf3
 .text          0x00806ae0       0x88 c:/altera/nios2eds/bin/gnu/h-i686-mingw32/bin/../lib/gcc/nios2-elf/4.1.2\libgcc.a(_eq_df.o)
                0x00806ae0                __eqdf2
 .text          0x00806b68       0x88 c:/altera/nios2eds/bin/gnu/h-i686-mingw32/bin/../lib/gcc/nios2-elf/4.1.2\libgcc.a(_ne_df.o)
                0x00806b68                __nedf2
 .text          0x00806bf0       0x88 c:/altera/nios2eds/bin/gnu/h-i686-mingw32/bin/../lib/gcc/nios2-elf/4.1.2\libgcc.a(_gt_df.o)
                0x00806bf0                __gtdf2
 .text          0x00806c78       0x88 c:/altera/nios2eds/bin/gnu/h-i686-mingw32/bin/../lib/gcc/nios2-elf/4.1.2\libgcc.a(_ge_df.o)
                0x00806c78                __gedf2
 .text          0x00806d00       0x88 c:/altera/nios2eds/bin/gnu/h-i686-mingw32/bin/../lib/gcc/nios2-elf/4.1.2\libgcc.a(_lt_df.o)
                0x00806d00                __ltdf2
 .text          0x00806d88       0x88 c:/altera/nios2eds/bin/gnu/h-i686-mingw32/bin/../lib/gcc/nios2-elf/4.1.2\libgcc.a(_le_df.o)
                0x00806d88                __ledf2
 .text          0x00806e10       0xf8 c:/altera/nios2eds/bin/gnu/h-i686-mingw32/bin/../lib/gcc/nios2-elf/4.1.2\libgcc.a(_si_to_df.o)
                0x00806e10                __floatsidf
 .text          0x00806f08       0xd8 c:/altera/nios2eds/bin/gnu/h-i686-mingw32/bin/../lib/gcc/nios2-elf/4.1.2\libgcc.a(_df_to_si.o)
                0x00806f08                __fixdfsi
 .text          0x00806fe0      0x14c c:/altera/nios2eds/bin/gnu/h-i686-mingw32/bin/../lib/gcc/nios2-elf/4.1.2\libgcc.a(lib2-divmod.o)
                0x0080705c                __divsi3
                0x008070bc                __modsi3
                0x0080711c                __udivsi3
                0x00807124                __umodsi3
 .text          0x0080712c       0xc8 c:/altera/nios2eds/bin/gnu/h-i686-mingw32/bin/../lib/gcc/nios2-elf/4.1.2\libgcc.a(_fpcmp_parts_df.o)
                0x0080712c                __fpcmp_parts_d
 .text          0x008071f4       0xb4 ../software_bsp/\libhal_bsp.a(alt_load.o)
                0x008071f4                alt_load
 .text          0x008072a8       0x50 ../software_bsp/\libhal_bsp.a(alt_main.o)
                0x008072a8                alt_main
 .text          0x008072f8        0x8 ../software_bsp/\libhal_bsp.a(alt_malloc_lock.o)
                0x008072f8                __malloc_lock
                0x008072fc                __malloc_unlock
 .text          0x00807300       0x14 ../software_bsp/\libhal_bsp.a(alt_putstr.o)
                0x00807300                alt_putstr
 .text          0x00807314       0x54 ../software_bsp/\libhal_bsp.a(alt_sbrk.o)
                0x00807314                sbrk
 .text          0x00807368      0x11c ../software_bsp/\libhal_bsp.a(alt_tick.o)
                0x00807368                alt_alarm_stop
                0x0080739c                alt_tick
 .text          0x00807484       0x80 ../software_bsp/\libhal_bsp.a(alt_times.o)
                0x00807484                times
 .text          0x00807504       0x78 ../software_bsp/\libhal_bsp.a(alt_sys_init.o)
                0x00807504                alt_sys_init
                0x0080755c                alt_irq_init
 .text          0x0080757c       0x3c ../software_bsp/\libhal_bsp.a(altera_avalon_jtag_uart_fd.o)
                0x0080757c                altera_avalon_jtag_uart_ioctl_fd
                0x00807588                altera_avalon_jtag_uart_close_fd
                0x00807598                altera_avalon_jtag_uart_write_fd
                0x008075a8                altera_avalon_jtag_uart_read_fd
 .text          0x008075b8      0x228 ../software_bsp/\libhal_bsp.a(altera_avalon_jtag_uart_init.o)
                0x008075b8                altera_avalon_jtag_uart_close
                0x00807658                altera_avalon_jtag_uart_init
 .text          0x008077e0       0x88 ../software_bsp/\libhal_bsp.a(altera_avalon_jtag_uart_ioctl.o)
                0x008077e0                altera_avalon_jtag_uart_ioctl
 .text          0x00807868      0x16c ../software_bsp/\libhal_bsp.a(altera_avalon_jtag_uart_read.o)
                0x00807868                altera_avalon_jtag_uart_read
 .text          0x008079d4      0x184 ../software_bsp/\libhal_bsp.a(altera_avalon_jtag_uart_write.o)
                0x008079d4                altera_avalon_jtag_uart_write
 .text          0x00807b58       0x8c ../software_bsp/\libhal_bsp.a(altera_avalon_timer_sc.o)
                0x00807b58                alt_avalon_timer_sc_init
 .text          0x00807be4       0x94 ../software_bsp/\libhal_bsp.a(alt_alarm_start.o)
                0x00807be4                alt_alarm_start
 .text          0x00807c78       0xf0 ../software_bsp/\libhal_bsp.a(alt_close.o)
                0x00807c78                close
 .text          0x00807d68        0x4 ../software_bsp/\libhal_bsp.a(alt_dcache_flush_all.o)
                0x00807d68                alt_dcache_flush_all
 .text          0x00807d6c        0x8 ../software_bsp/\libhal_bsp.a(alt_dev.o)
 .text          0x00807d74       0x7c ../software_bsp/\libhal_bsp.a(alt_dev_llist_insert.o)
                0x00807d74                alt_dev_llist_insert
 .text          0x00807df0        0x0 ../software_bsp/\libhal_bsp.a(alt_errno.o)
 .text          0x00807df0        0xc ../software_bsp/\libhal_bsp.a(alt_icache_flush_all.o)
                0x00807df0                alt_icache_flush_all
 .text          0x00807dfc       0x9c ../software_bsp/\libhal_bsp.a(alt_iic.o)
                0x00807dfc                alt_ic_irq_enabled
                0x00807e14                alt_ic_irq_enable
                0x00807e54                alt_ic_irq_disable
                0x00807e94                alt_ic_isr_register
 .text          0x00807e98       0x88 ../software_bsp/\libhal_bsp.a(alt_iic_isr_register.o)
                0x00807e98                alt_iic_isr_register
 .text          0x00807f20      0x104 ../software_bsp/\libhal_bsp.a(alt_io_redirect.o)
                0x00807f20                alt_io_redirect
 .text          0x00808024        0x0 ../software_bsp/\libhal_bsp.a(alt_irq_entry.o)
 .text          0x00808024        0x0 ../software_bsp/\libhal_bsp.a(alt_irq_handler.o)
 .text          0x00808024        0x0 ../software_bsp/\libhal_bsp.a(alt_irq_vars.o)
 .text          0x00808024      0x180 ../software_bsp/\libhal_bsp.a(alt_open.o)
                0x00808024                open
 .text          0x008081a4       0x24 ../software_bsp/\libhal_bsp.a(alt_release_fd.o)
                0x008081a4                alt_release_fd
 .text          0x008081c8        0x8 ../software_bsp/\libhal_bsp.a(altera_nios2_qsys_irq.o)
                0x008081c8                altera_nios2_qsys_irq_init
 .text          0x008081d0        0x0 ../software_bsp/\libhal_bsp.a(alt_exception_entry.o)
 .text          0x008081d0       0x94 ../software_bsp/\libhal_bsp.a(alt_find_dev.o)
                0x008081d0                alt_find_dev
 .text          0x00808264       0xb0 ../software_bsp/\libhal_bsp.a(alt_find_file.o)
                0x00808264                alt_find_file
 .text          0x00808314       0x60 ../software_bsp/\libhal_bsp.a(alt_get_fd.o)
                0x00808314                alt_get_fd
 .text          0x00808374       0x38 ../software_bsp/\libhal_bsp.a(alt_icache_flush.o)
                0x00808374                alt_icache_flush
 .text          0x008083ac       0x38 c:/altera/nios2eds/bin/gnu/h-i686-mingw32/bin/../lib/gcc/nios2-elf/4.1.2/../../../../nios2-elf/lib\libc.a(lib_a-exit.o)
                0x008083ac                exit
 .text          0x008083e4       0x90 c:/altera/nios2eds/bin/gnu/h-i686-mingw32/bin/../lib/gcc/nios2-elf/4.1.2/../../../../nios2-elf/lib\libc.a(lib_a-fputs.o)
                0x008083e4                _fputs_r
                0x00808458                fputs
 .text          0x00808474      0x49c c:/altera/nios2eds/bin/gnu/h-i686-mingw32/bin/../lib/gcc/nios2-elf/4.1.2/../../../../nios2-elf/lib\libc.a(lib_a-fvwrite.o)
                0x00808474                __sfvwrite_r
 .text          0x00808910       0xe4 c:/altera/nios2eds/bin/gnu/h-i686-mingw32/bin/../lib/gcc/nios2-elf/4.1.2/../../../../nios2-elf/lib\libc.a(lib_a-memchr.o)
                0x00808910                memchr
 .text          0x008089f4       0x74 c:/altera/nios2eds/bin/gnu/h-i686-mingw32/bin/../lib/gcc/nios2-elf/4.1.2/../../../../nios2-elf/lib\libc.a(lib_a-memcmp.o)
                0x008089f4                memcmp
 .text          0x00808a68       0x74 c:/altera/nios2eds/bin/gnu/h-i686-mingw32/bin/../lib/gcc/nios2-elf/4.1.2/../../../../nios2-elf/lib\libc.a(lib_a-strlen.o)
                0x00808a68                strlen
 .text          0x00808adc      0x13c c:/altera/nios2eds/bin/gnu/h-i686-mingw32/bin/../lib/gcc/nios2-elf/4.1.2/../../../../nios2-elf/lib\libc.a(lib_a-wsetup.o)
                0x00808adc                __swsetup_r
 .text          0x00808c18      0x1b4 c:/altera/nios2eds/bin/gnu/h-i686-mingw32/bin/../lib/gcc/nios2-elf/4.1.2/../../../../nios2-elf/lib\libc.a(lib_a-__call_atexit.o)
                0x00808c1c                __call_exitprocs
 .text          0x00808dcc      0x230 c:/altera/nios2eds/bin/gnu/h-i686-mingw32/bin/../lib/gcc/nios2-elf/4.1.2/../../../../nios2-elf/lib\libc.a(lib_a-fflush.o)
                0x00808dcc                _fflush_r
                0x00808fc8                fflush
 .text          0x00808ffc      0x2c0 c:/altera/nios2eds/bin/gnu/h-i686-mingw32/bin/../lib/gcc/nios2-elf/4.1.2/../../../../nios2-elf/lib\libc.a(lib_a-findfp.o)
                0x00809054                __sfp_lock_acquire
                0x00809058                __sfp_lock_release
                0x0080905c                __sinit_lock_acquire
                0x00809060                __sinit_lock_release
                0x00809064                __sinit
                0x00809118                __fp_unlock_all
                0x00809130                __fp_lock_all
                0x00809148                _cleanup_r
                0x00809154                _cleanup
                0x00809164                __sfmoreglue
                0x008091cc                __sfp
 .text          0x008092bc      0x180 c:/altera/nios2eds/bin/gnu/h-i686-mingw32/bin/../lib/gcc/nios2-elf/4.1.2/../../../../nios2-elf/lib\libc.a(lib_a-fwalk.o)
                0x008092bc                _fwalk_reent
                0x00809384                _fwalk
 .text          0x0080943c      0x194 c:/altera/nios2eds/bin/gnu/h-i686-mingw32/bin/../lib/gcc/nios2-elf/4.1.2/../../../../nios2-elf/lib\libc.a(lib_a-makebuf.o)
                0x0080943c                __smakebuf_r
 .text          0x008095d0      0x14c c:/altera/nios2eds/bin/gnu/h-i686-mingw32/bin/../lib/gcc/nios2-elf/4.1.2/../../../../nios2-elf/lib\libc.a(lib_a-stdio.o)
                0x008095d0                __sclose
                0x008095d8                __sseek
                0x00809640                __swrite
                0x008096bc                __sread
 .text          0x0080971c       0x78 c:/altera/nios2eds/bin/gnu/h-i686-mingw32/bin/../lib/gcc/nios2-elf/4.1.2/../../../../nios2-elf/lib\libc.a(lib_a-writer.o)
                0x0080971c                _write_r
 .text          0x00809794       0x70 c:/altera/nios2eds/bin/gnu/h-i686-mingw32/bin/../lib/gcc/nios2-elf/4.1.2/../../../../nios2-elf/lib\libc.a(lib_a-closer.o)
                0x00809794                _close_r
 .text          0x00809804      0x124 c:/altera/nios2eds/bin/gnu/h-i686-mingw32/bin/../lib/gcc/nios2-elf/4.1.2/../../../../nios2-elf/lib\libc.a(lib_a-fclose.o)
                0x00809804                _fclose_r
                0x00809914                fclose
 .text          0x00809928       0x74 c:/altera/nios2eds/bin/gnu/h-i686-mingw32/bin/../lib/gcc/nios2-elf/4.1.2/../../../../nios2-elf/lib\libc.a(lib_a-fstatr.o)
                0x00809928                _fstat_r
 .text          0x0080999c       0x70 c:/altera/nios2eds/bin/gnu/h-i686-mingw32/bin/../lib/gcc/nios2-elf/4.1.2/../../../../nios2-elf/lib\libc.a(lib_a-isattyr.o)
                0x0080999c                _isatty_r
 .text          0x00809a0c       0x78 c:/altera/nios2eds/bin/gnu/h-i686-mingw32/bin/../lib/gcc/nios2-elf/4.1.2/../../../../nios2-elf/lib\libc.a(lib_a-lseekr.o)
                0x00809a0c                _lseek_r
 .text          0x00809a84       0x78 c:/altera/nios2eds/bin/gnu/h-i686-mingw32/bin/../lib/gcc/nios2-elf/4.1.2/../../../../nios2-elf/lib\libc.a(lib_a-readr.o)
                0x00809a84                _read_r
 .text          0x00809afc       0x14 ../software_bsp/\libhal_bsp.a(alt_exit.o)
                0x00809afc                _exit
 .text          0x00809b10       0x90 ../software_bsp/\libhal_bsp.a(alt_fstat.o)
                0x00809b10                fstat
 .text          0x00809ba0       0x84 ../software_bsp/\libhal_bsp.a(alt_isatty.o)
                0x00809ba0                isatty
 .text          0x00809c24       0x9c ../software_bsp/\libhal_bsp.a(alt_lseek.o)
                0x00809c24                lseek
 .text          0x00809cc0      0x11c ../software_bsp/\libhal_bsp.a(alt_read.o)
                0x00809cc0                read
 .text          0x00809ddc      0x118 ../software_bsp/\libhal_bsp.a(alt_write.o)
                0x00809ddc                write
 *(.gnu.warning.*)
 *(.fini)
                0x00809ef4                PROVIDE (__etext, ABSOLUTE (.))
                0x00809ef4                PROVIDE (_etext, ABSOLUTE (.))
                0x00809ef4                PROVIDE (etext, ABSOLUTE (.))
 *(.eh_frame_hdr)
                0x00809ef4                . = ALIGN (0x4)
                0x00809ef4                PROVIDE (__preinit_array_start, ABSOLUTE (.))
 *(.preinit_array)
                0x00809ef4                PROVIDE (__preinit_array_end, ABSOLUTE (.))
                0x00809ef4                PROVIDE (__init_array_start, ABSOLUTE (.))
 *(.init_array)
                0x00809ef4                PROVIDE (__init_array_end, ABSOLUTE (.))
                0x00809ef4                PROVIDE (__fini_array_start, ABSOLUTE (.))
 *(.fini_array)
                0x00809ef4                PROVIDE (__fini_array_end, ABSOLUTE (.))
 *(.eh_frame)
 *(.gcc_except_table)
 *(.dynamic)
                0x00809ef4                PROVIDE (__CTOR_LIST__, ABSOLUTE (.))
 *(.ctors)
 *(SORT(.ctors.*))
 .ctors.65535   0x00809ef4        0x4 c:/altera/nios2eds/bin/gnu/h-i686-mingw32/bin/../lib/gcc/nios2-elf/4.1.2/../../../../nios2-elf/lib\libc.a(lib_a-__call_atexit.o)
                0x00809ef8                PROVIDE (__CTOR_END__, ABSOLUTE (.))
                0x00809ef8                PROVIDE (__DTOR_LIST__, ABSOLUTE (.))
 *(.dtors)
 *(SORT(.dtors.*))
                0x00809ef8                PROVIDE (__DTOR_END__, ABSOLUTE (.))
 *(.jcr)
                0x00809ef8                . = ALIGN (0x4)

.rodata         0x00809ef8      0x2b4
                0x00809ef8                PROVIDE (__ram_rodata_start, ABSOLUTE (.))
                0x00809ef8                . = ALIGN (0x4)
 *(.rodata .rodata.* .gnu.linkonce.r.*)
 .rodata.str1.4
                0x00809ef8       0x37 obj/default/hello_world.o
                                 0x38 (size before relaxing)
 *fill*         0x00809f2f        0x1 00
 .rodata        0x00809f30       0x10 c:/altera/nios2eds/bin/gnu/h-i686-mingw32/bin/../lib/gcc/nios2-elf/4.1.2\libgcc.a(_thenan_sf.o)
                0x00809f30                __thenan_sf
 .rodata        0x00809f40       0x14 c:/altera/nios2eds/bin/gnu/h-i686-mingw32/bin/../lib/gcc/nios2-elf/4.1.2\libgcc.a(_thenan_df.o)
                0x00809f40                __thenan_df
 .rodata        0x00809f54      0x100 c:/altera/nios2eds/bin/gnu/h-i686-mingw32/bin/../lib/gcc/nios2-elf/4.1.2\libgcc.a(_clz.o)
                0x00809f54                __clz_tab
 .rodata.str1.4
                0x0080a054        0x2 c:/altera/nios2eds/bin/gnu/h-i686-mingw32/bin/../lib/gcc/nios2-elf/4.1.2/../../../../nios2-elf/lib\libc.a(lib_a-impure.o)
                                  0x4 (size before relaxing)
 *fill*         0x0080a056        0x2 00
 .rodata        0x0080a058      0x124 c:/altera/nios2eds/bin/gnu/h-i686-mingw32/bin/../lib/gcc/nios2-elf/4.1.2/../../../../nios2-elf/lib\libc.a(lib_a-mprec.o)
                0x0080a058                __mprec_tens
                0x0080a120                __mprec_bigtens
                0x0080a148                __mprec_tinytens
 .rodata.str1.4
                0x0080a17c       0x12 c:/altera/nios2eds/bin/gnu/h-i686-mingw32/bin/../lib/gcc/nios2-elf/4.1.2/../../../../nios2-elf/lib\libc.a(lib_a-dtoa.o)
                                 0x14 (size before relaxing)
 *fill*         0x0080a18e        0x2 00
 .rodata.str1.4
                0x0080a190        0xf ../software_bsp/\libhal_bsp.a(alt_main.o)
                                 0x10 (size before relaxing)
 .rodata.str1.4
                0x00000000       0x10 ../software_bsp/\libhal_bsp.a(alt_sys_init.o)
 *fill*         0x0080a19f        0x1 00
 .rodata.str1.4
                0x0080a1a0        0xc ../software_bsp/\libhal_bsp.a(alt_dev.o)
 *(.rodata1)
                0x0080a1ac                . = ALIGN (0x4)
                0x0080a1ac                PROVIDE (__ram_rodata_end, ABSOLUTE (.))
                0x00809ef8                PROVIDE (__flash_rodata_start, LOADADDR (.rodata))

.rwdata         0x0080a1ac     0x1a48 load address 0x0080bbf4
                0x0080a1ac                PROVIDE (__ram_rwdata_start, ABSOLUTE (.))
                0x0080a1ac                . = ALIGN (0x4)
 *(.got.plt)
 *(.got)
 *(.data1)
 *(.data .data.* .gnu.linkonce.d.*)
 .data          0x0080a1ac        0x0 ../software_bsp//obj/HAL/src/crt0.o
 .data          0x0080a1ac        0x0 obj/default/hello_world.o
 .data          0x0080a1ac        0x0 c:/altera/nios2eds/bin/gnu/h-i686-mingw32/bin/../lib/gcc/nios2-elf/4.1.2\libgcc.a(_addsub_sf.o)
 .data          0x0080a1ac        0x0 c:/altera/nios2eds/bin/gnu/h-i686-mingw32/bin/../lib/gcc/nios2-elf/4.1.2\libgcc.a(_mul_sf.o)
 .data          0x0080a1ac        0x0 c:/altera/nios2eds/bin/gnu/h-i686-mingw32/bin/../lib/gcc/nios2-elf/4.1.2\libgcc.a(_div_sf.o)
 .data          0x0080a1ac        0x0 c:/altera/nios2eds/bin/gnu/h-i686-mingw32/bin/../lib/gcc/nios2-elf/4.1.2\libgcc.a(_sf_to_df.o)
 .data          0x0080a1ac        0x0 c:/altera/nios2eds/bin/gnu/h-i686-mingw32/bin/../lib/gcc/nios2-elf/4.1.2\libgcc.a(_thenan_sf.o)
 .data          0x0080a1ac        0x0 c:/altera/nios2eds/bin/gnu/h-i686-mingw32/bin/../lib/gcc/nios2-elf/4.1.2\libgcc.a(_addsub_df.o)
 .data          0x0080a1ac        0x0 c:/altera/nios2eds/bin/gnu/h-i686-mingw32/bin/../lib/gcc/nios2-elf/4.1.2\libgcc.a(_div_df.o)
 .data          0x0080a1ac        0x0 c:/altera/nios2eds/bin/gnu/h-i686-mingw32/bin/../lib/gcc/nios2-elf/4.1.2\libgcc.a(_make_df.o)
 .data          0x0080a1ac        0x0 c:/altera/nios2eds/bin/gnu/h-i686-mingw32/bin/../lib/gcc/nios2-elf/4.1.2\libgcc.a(_thenan_df.o)
 .data          0x0080a1ac        0x0 c:/altera/nios2eds/bin/gnu/h-i686-mingw32/bin/../lib/gcc/nios2-elf/4.1.2\libgcc.a(_usi_to_df.o)
 .data          0x0080a1ac        0x0 c:/altera/nios2eds/bin/gnu/h-i686-mingw32/bin/../lib/gcc/nios2-elf/4.1.2\libgcc.a(_muldi3.o)
 .data          0x0080a1ac        0x0 c:/altera/nios2eds/bin/gnu/h-i686-mingw32/bin/../lib/gcc/nios2-elf/4.1.2\libgcc.a(_clzsi2.o)
 .data          0x0080a1ac        0x0 c:/altera/nios2eds/bin/gnu/h-i686-mingw32/bin/../lib/gcc/nios2-elf/4.1.2\libgcc.a(_pack_sf.o)
 .data          0x0080a1ac        0x0 c:/altera/nios2eds/bin/gnu/h-i686-mingw32/bin/../lib/gcc/nios2-elf/4.1.2\libgcc.a(_unpack_sf.o)
 .data          0x0080a1ac        0x0 c:/altera/nios2eds/bin/gnu/h-i686-mingw32/bin/../lib/gcc/nios2-elf/4.1.2\libgcc.a(_pack_df.o)
 .data          0x0080a1ac        0x0 c:/altera/nios2eds/bin/gnu/h-i686-mingw32/bin/../lib/gcc/nios2-elf/4.1.2\libgcc.a(_unpack_df.o)
 .data          0x0080a1ac        0x0 c:/altera/nios2eds/bin/gnu/h-i686-mingw32/bin/../lib/gcc/nios2-elf/4.1.2\libgcc.a(_clz.o)
 .data          0x0080a1ac        0x0 c:/altera/nios2eds/bin/gnu/h-i686-mingw32/bin/../lib/gcc/nios2-elf/4.1.2/../../../../nios2-elf/lib\libc.a(lib_a-efgcvt.o)
 .data          0x0080a1ac      0x400 c:/altera/nios2eds/bin/gnu/h-i686-mingw32/bin/../lib/gcc/nios2-elf/4.1.2/../../../../nios2-elf/lib\libc.a(lib_a-impure.o)
 .data          0x0080a5ac        0x0 c:/altera/nios2eds/bin/gnu/h-i686-mingw32/bin/../lib/gcc/nios2-elf/4.1.2/../../../../nios2-elf/lib\libc.a(lib_a-malloc.o)
 .data          0x0080a5ac      0x408 c:/altera/nios2eds/bin/gnu/h-i686-mingw32/bin/../lib/gcc/nios2-elf/4.1.2/../../../../nios2-elf/lib\libc.a(lib_a-mallocr.o)
                0x0080a5ac                __malloc_av_
 .data          0x0080a9b4        0x0 c:/altera/nios2eds/bin/gnu/h-i686-mingw32/bin/../lib/gcc/nios2-elf/4.1.2/../../../../nios2-elf/lib\libc.a(lib_a-memcpy.o)
 .data          0x0080a9b4        0x0 c:/altera/nios2eds/bin/gnu/h-i686-mingw32/bin/../lib/gcc/nios2-elf/4.1.2/../../../../nios2-elf/lib\libc.a(lib_a-sbrkr.o)
 .data          0x0080a9b4        0x0 c:/altera/nios2eds/bin/gnu/h-i686-mingw32/bin/../lib/gcc/nios2-elf/4.1.2/../../../../nios2-elf/lib\libc.a(lib_a-ecvtbuf.o)
 .data          0x0080a9b4        0x0 c:/altera/nios2eds/bin/gnu/h-i686-mingw32/bin/../lib/gcc/nios2-elf/4.1.2/../../../../nios2-elf/lib\libc.a(lib_a-freer.o)
 .data          0x0080a9b4        0x0 c:/altera/nios2eds/bin/gnu/h-i686-mingw32/bin/../lib/gcc/nios2-elf/4.1.2/../../../../nios2-elf/lib\libc.a(lib_a-int_errno.o)
 .data          0x0080a9b4        0x0 c:/altera/nios2eds/bin/gnu/h-i686-mingw32/bin/../lib/gcc/nios2-elf/4.1.2/../../../../nios2-elf/lib\libc.a(lib_a-mprec.o)
 .data          0x0080a9b4        0x0 c:/altera/nios2eds/bin/gnu/h-i686-mingw32/bin/../lib/gcc/nios2-elf/4.1.2/../../../../nios2-elf/lib\libc.a(lib_a-reallocr.o)
 .data          0x0080a9b4        0x0 c:/altera/nios2eds/bin/gnu/h-i686-mingw32/bin/../lib/gcc/nios2-elf/4.1.2/../../../../nios2-elf/lib\libc.a(lib_a-strcpy.o)
 .data          0x0080a9b4        0x0 c:/altera/nios2eds/bin/gnu/h-i686-mingw32/bin/../lib/gcc/nios2-elf/4.1.2/../../../../nios2-elf/lib\libc.a(lib_a-callocr.o)
 .data          0x0080a9b4        0x0 c:/altera/nios2eds/bin/gnu/h-i686-mingw32/bin/../lib/gcc/nios2-elf/4.1.2/../../../../nios2-elf/lib\libc.a(lib_a-dtoa.o)
 .data          0x0080a9b4        0x0 c:/altera/nios2eds/bin/gnu/h-i686-mingw32/bin/../lib/gcc/nios2-elf/4.1.2/../../../../nios2-elf/lib\libc.a(lib_a-memmove.o)
 .data          0x0080a9b4        0x0 c:/altera/nios2eds/bin/gnu/h-i686-mingw32/bin/../lib/gcc/nios2-elf/4.1.2/../../../../nios2-elf/lib\libc.a(lib_a-memset.o)
 .data          0x0080a9b4        0x0 c:/altera/nios2eds/bin/gnu/h-i686-mingw32/bin/../lib/gcc/nios2-elf/4.1.2\libgcc.a(_mul_df.o)
 .data          0x0080a9b4        0x0 c:/altera/nios2eds/bin/gnu/h-i686-mingw32/bin/../lib/gcc/nios2-elf/4.1.2\libgcc.a(_eq_df.o)
 .data          0x0080a9b4        0x0 c:/altera/nios2eds/bin/gnu/h-i686-mingw32/bin/../lib/gcc/nios2-elf/4.1.2\libgcc.a(_ne_df.o)
 .data          0x0080a9b4        0x0 c:/altera/nios2eds/bin/gnu/h-i686-mingw32/bin/../lib/gcc/nios2-elf/4.1.2\libgcc.a(_gt_df.o)
 .data          0x0080a9b4        0x0 c:/altera/nios2eds/bin/gnu/h-i686-mingw32/bin/../lib/gcc/nios2-elf/4.1.2\libgcc.a(_ge_df.o)
 .data          0x0080a9b4        0x0 c:/altera/nios2eds/bin/gnu/h-i686-mingw32/bin/../lib/gcc/nios2-elf/4.1.2\libgcc.a(_lt_df.o)
 .data          0x0080a9b4        0x0 c:/altera/nios2eds/bin/gnu/h-i686-mingw32/bin/../lib/gcc/nios2-elf/4.1.2\libgcc.a(_le_df.o)
 .data          0x0080a9b4        0x0 c:/altera/nios2eds/bin/gnu/h-i686-mingw32/bin/../lib/gcc/nios2-elf/4.1.2\libgcc.a(_si_to_df.o)
 .data          0x0080a9b4        0x0 c:/altera/nios2eds/bin/gnu/h-i686-mingw32/bin/../lib/gcc/nios2-elf/4.1.2\libgcc.a(_df_to_si.o)
 .data          0x0080a9b4        0x0 c:/altera/nios2eds/bin/gnu/h-i686-mingw32/bin/../lib/gcc/nios2-elf/4.1.2\libgcc.a(lib2-divmod.o)
 .data          0x0080a9b4        0x0 c:/altera/nios2eds/bin/gnu/h-i686-mingw32/bin/../lib/gcc/nios2-elf/4.1.2\libgcc.a(_fpcmp_parts_df.o)
 .data          0x0080a9b4        0x0 ../software_bsp/\libhal_bsp.a(alt_load.o)
 .data          0x0080a9b4        0x0 ../software_bsp/\libhal_bsp.a(alt_main.o)
 .data          0x0080a9b4        0x0 ../software_bsp/\libhal_bsp.a(alt_malloc_lock.o)
 .data          0x0080a9b4        0x0 ../software_bsp/\libhal_bsp.a(alt_putstr.o)
 .data          0x0080a9b4        0x0 ../software_bsp/\libhal_bsp.a(alt_sbrk.o)
 .data          0x0080a9b4        0x0 ../software_bsp/\libhal_bsp.a(alt_tick.o)
 .data          0x0080a9b4        0x0 ../software_bsp/\libhal_bsp.a(alt_times.o)
 .data          0x0080a9b4     0x1060 ../software_bsp/\libhal_bsp.a(alt_sys_init.o)
 .data          0x0080ba14        0x0 ../software_bsp/\libhal_bsp.a(altera_avalon_jtag_uart_fd.o)
 .data          0x0080ba14        0x0 ../software_bsp/\libhal_bsp.a(altera_avalon_jtag_uart_init.o)
 .data          0x0080ba14        0x0 ../software_bsp/\libhal_bsp.a(altera_avalon_jtag_uart_ioctl.o)
 .data          0x0080ba14        0x0 ../software_bsp/\libhal_bsp.a(altera_avalon_jtag_uart_read.o)
 .data          0x0080ba14        0x0 ../software_bsp/\libhal_bsp.a(altera_avalon_jtag_uart_write.o)
 .data          0x0080ba14        0x0 ../software_bsp/\libhal_bsp.a(altera_avalon_timer_sc.o)
 .data          0x0080ba14        0x0 ../software_bsp/\libhal_bsp.a(alt_alarm_start.o)
 .data          0x0080ba14        0x0 ../software_bsp/\libhal_bsp.a(alt_close.o)
 .data          0x0080ba14        0x0 ../software_bsp/\libhal_bsp.a(alt_dcache_flush_all.o)
 .data          0x0080ba14      0x1a8 ../software_bsp/\libhal_bsp.a(alt_dev.o)
                0x0080ba14                alt_dev_null
                0x0080ba3c                alt_fd_list
 .data          0x0080bbbc        0x0 ../software_bsp/\libhal_bsp.a(alt_dev_llist_insert.o)
 .data          0x0080bbbc        0x0 ../software_bsp/\libhal_bsp.a(alt_errno.o)
 .data          0x0080bbbc        0x0 ../software_bsp/\libhal_bsp.a(alt_icache_flush_all.o)
 .data          0x0080bbbc        0x0 ../software_bsp/\libhal_bsp.a(alt_iic.o)
 .data          0x0080bbbc        0x0 ../software_bsp/\libhal_bsp.a(alt_iic_isr_register.o)
 .data          0x0080bbbc        0x0 ../software_bsp/\libhal_bsp.a(alt_io_redirect.o)
 .data          0x0080bbbc        0x0 ../software_bsp/\libhal_bsp.a(alt_irq_entry.o)
 .data          0x0080bbbc        0x0 ../software_bsp/\libhal_bsp.a(alt_irq_handler.o)
 .data          0x0080bbbc        0x0 ../software_bsp/\libhal_bsp.a(alt_irq_vars.o)
 .data          0x0080bbbc        0x0 ../software_bsp/\libhal_bsp.a(alt_open.o)
 .data          0x0080bbbc        0x0 ../software_bsp/\libhal_bsp.a(alt_release_fd.o)
 .data          0x0080bbbc        0x0 ../software_bsp/\libhal_bsp.a(altera_nios2_qsys_irq.o)
 .data          0x0080bbbc        0x0 ../software_bsp/\libhal_bsp.a(alt_exception_entry.o)
 .data          0x0080bbbc        0x0 ../software_bsp/\libhal_bsp.a(alt_find_dev.o)
 .data          0x0080bbbc        0x0 ../software_bsp/\libhal_bsp.a(alt_find_file.o)
 .data          0x0080bbbc        0x0 ../software_bsp/\libhal_bsp.a(alt_get_fd.o)
 .data          0x0080bbbc        0x0 ../software_bsp/\libhal_bsp.a(alt_icache_flush.o)
 .data          0x0080bbbc        0x0 c:/altera/nios2eds/bin/gnu/h-i686-mingw32/bin/../lib/gcc/nios2-elf/4.1.2/../../../../nios2-elf/lib\libc.a(lib_a-exit.o)
 .data          0x0080bbbc        0x0 c:/altera/nios2eds/bin/gnu/h-i686-mingw32/bin/../lib/gcc/nios2-elf/4.1.2/../../../../nios2-elf/lib\libc.a(lib_a-fputs.o)
 .data          0x0080bbbc        0x0 c:/altera/nios2eds/bin/gnu/h-i686-mingw32/bin/../lib/gcc/nios2-elf/4.1.2/../../../../nios2-elf/lib\libc.a(lib_a-fvwrite.o)
 .data          0x0080bbbc        0x0 c:/altera/nios2eds/bin/gnu/h-i686-mingw32/bin/../lib/gcc/nios2-elf/4.1.2/../../../../nios2-elf/lib\libc.a(lib_a-memchr.o)
 .data          0x0080bbbc        0x0 c:/altera/nios2eds/bin/gnu/h-i686-mingw32/bin/../lib/gcc/nios2-elf/4.1.2/../../../../nios2-elf/lib\libc.a(lib_a-memcmp.o)
 .data          0x0080bbbc        0x0 c:/altera/nios2eds/bin/gnu/h-i686-mingw32/bin/../lib/gcc/nios2-elf/4.1.2/../../../../nios2-elf/lib\libc.a(lib_a-strlen.o)
 .data          0x0080bbbc        0x0 c:/altera/nios2eds/bin/gnu/h-i686-mingw32/bin/../lib/gcc/nios2-elf/4.1.2/../../../../nios2-elf/lib\libc.a(lib_a-wsetup.o)
 .data          0x0080bbbc        0x0 c:/altera/nios2eds/bin/gnu/h-i686-mingw32/bin/../lib/gcc/nios2-elf/4.1.2/../../../../nios2-elf/lib\libc.a(lib_a-__call_atexit.o)
 .data          0x0080bbbc        0x0 c:/altera/nios2eds/bin/gnu/h-i686-mingw32/bin/../lib/gcc/nios2-elf/4.1.2/../../../../nios2-elf/lib\libc.a(lib_a-fflush.o)
 .data          0x0080bbbc        0x0 c:/altera/nios2eds/bin/gnu/h-i686-mingw32/bin/../lib/gcc/nios2-elf/4.1.2/../../../../nios2-elf/lib\libc.a(lib_a-findfp.o)
 .data          0x0080bbbc        0x0 c:/altera/nios2eds/bin/gnu/h-i686-mingw32/bin/../lib/gcc/nios2-elf/4.1.2/../../../../nios2-elf/lib\libc.a(lib_a-fwalk.o)
 .data          0x0080bbbc        0x0 c:/altera/nios2eds/bin/gnu/h-i686-mingw32/bin/../lib/gcc/nios2-elf/4.1.2/../../../../nios2-elf/lib\libc.a(lib_a-makebuf.o)
 .data          0x0080bbbc        0x0 c:/altera/nios2eds/bin/gnu/h-i686-mingw32/bin/../lib/gcc/nios2-elf/4.1.2/../../../../nios2-elf/lib\libc.a(lib_a-stdio.o)
 .data          0x0080bbbc        0x0 c:/altera/nios2eds/bin/gnu/h-i686-mingw32/bin/../lib/gcc/nios2-elf/4.1.2/../../../../nios2-elf/lib\libc.a(lib_a-writer.o)
 .data          0x0080bbbc        0x0 c:/altera/nios2eds/bin/gnu/h-i686-mingw32/bin/../lib/gcc/nios2-elf/4.1.2/../../../../nios2-elf/lib\libc.a(lib_a-closer.o)
 .data          0x0080bbbc        0x0 c:/altera/nios2eds/bin/gnu/h-i686-mingw32/bin/../lib/gcc/nios2-elf/4.1.2/../../../../nios2-elf/lib\libc.a(lib_a-fclose.o)
 .data          0x0080bbbc        0x0 c:/altera/nios2eds/bin/gnu/h-i686-mingw32/bin/../lib/gcc/nios2-elf/4.1.2/../../../../nios2-elf/lib\libc.a(lib_a-fstatr.o)
 .data          0x0080bbbc        0x0 c:/altera/nios2eds/bin/gnu/h-i686-mingw32/bin/../lib/gcc/nios2-elf/4.1.2/../../../../nios2-elf/lib\libc.a(lib_a-isattyr.o)
 .data          0x0080bbbc        0x0 c:/altera/nios2eds/bin/gnu/h-i686-mingw32/bin/../lib/gcc/nios2-elf/4.1.2/../../../../nios2-elf/lib\libc.a(lib_a-lseekr.o)
 .data          0x0080bbbc        0x0 c:/altera/nios2eds/bin/gnu/h-i686-mingw32/bin/../lib/gcc/nios2-elf/4.1.2/../../../../nios2-elf/lib\libc.a(lib_a-readr.o)
 .data          0x0080bbbc        0x0 ../software_bsp/\libhal_bsp.a(alt_exit.o)
 .data          0x0080bbbc        0x0 ../software_bsp/\libhal_bsp.a(alt_fstat.o)
 .data          0x0080bbbc        0x0 ../software_bsp/\libhal_bsp.a(alt_isatty.o)
 .data          0x0080bbbc        0x0 ../software_bsp/\libhal_bsp.a(alt_lseek.o)
 .data          0x0080bbbc        0x0 ../software_bsp/\libhal_bsp.a(alt_read.o)
 .data          0x0080bbbc        0x0 ../software_bsp/\libhal_bsp.a(alt_write.o)
                0x00813bbc                _gp = ABSOLUTE ((. + 0x8000))
                0x00813bbc                PROVIDE (gp, _gp)
 *(.rwdata .rwdata.*)
 *(.sdata .sdata.* .gnu.linkonce.s.*)
 .sdata         0x0080bbbc        0x8 c:/altera/nios2eds/bin/gnu/h-i686-mingw32/bin/../lib/gcc/nios2-elf/4.1.2/../../../../nios2-elf/lib\libc.a(lib_a-impure.o)
                0x0080bbbc                _impure_ptr
                0x0080bbc0                _global_impure_ptr
 .sdata         0x0080bbc4        0x8 c:/altera/nios2eds/bin/gnu/h-i686-mingw32/bin/../lib/gcc/nios2-elf/4.1.2/../../../../nios2-elf/lib\libc.a(lib_a-mallocr.o)
                0x0080bbc4                __malloc_trim_threshold
                0x0080bbc8                __malloc_sbrk_base
 .sdata         0x0080bbcc        0x4 ../software_bsp/\libhal_bsp.a(alt_sbrk.o)
 .sdata         0x0080bbd0        0x8 ../software_bsp/\libhal_bsp.a(alt_tick.o)
                0x0080bbd0                alt_alarm_list
 .sdata         0x0080bbd8       0x14 ../software_bsp/\libhal_bsp.a(alt_dev.o)
                0x0080bbd8                alt_fs_list
                0x0080bbe0                alt_dev_list
                0x0080bbe8                alt_max_fd
 .sdata         0x0080bbec        0x4 ../software_bsp/\libhal_bsp.a(alt_errno.o)
                0x0080bbec                alt_errno
 .sdata         0x0080bbf0        0x4 ../software_bsp/\libhal_bsp.a(alt_irq_vars.o)
                0x0080bbf0                alt_priority_mask
 *(.sdata2 .sdata2.* .gnu.linkonce.s2.*)
                0x0080bbf4                . = ALIGN (0x4)
                0x0080bbf4                _edata = ABSOLUTE (.)
                0x0080bbf4                PROVIDE (edata, ABSOLUTE (.))
                0x0080bbf4                PROVIDE (__ram_rwdata_end, ABSOLUTE (.))
                0x0080bbf4                PROVIDE (__flash_rwdata_start, LOADADDR (.rwdata))

.bss            0x0080d63c      0x150
                0x0080d63c                __bss_start = ABSOLUTE (.)
                0x0080d63c                PROVIDE (__sbss_start, ABSOLUTE (.))
                0x0080d63c                PROVIDE (___sbss_start, ABSOLUTE (.))
 *(.dynsbss)
 *(.sbss .sbss.* .gnu.linkonce.sb.*)
 .sbss          0x0080d63c        0xc c:/altera/nios2eds/bin/gnu/h-i686-mingw32/bin/../lib/gcc/nios2-elf/4.1.2/../../../../nios2-elf/lib\libc.a(lib_a-mallocr.o)
                0x0080d63c                __malloc_top_pad
                0x0080d640                __malloc_max_sbrked_mem
                0x0080d644                __malloc_max_total_mem
 .sbss          0x0080d648        0x4 c:/altera/nios2eds/bin/gnu/h-i686-mingw32/bin/../lib/gcc/nios2-elf/4.1.2/../../../../nios2-elf/lib\libc.a(lib_a-int_errno.o)
                0x0080d648                errno
 .sbss          0x0080d64c        0xc ../software_bsp/\libhal_bsp.a(alt_main.o)
                0x0080d64c                alt_argc
                0x0080d650                alt_argv
                0x0080d654                alt_envp
 .sbss          0x0080d658        0x8 ../software_bsp/\libhal_bsp.a(alt_tick.o)
                0x0080d658                _alt_tick_rate
                0x0080d65c                _alt_nticks
 .sbss          0x0080d660        0x4 ../software_bsp/\libhal_bsp.a(alt_irq_vars.o)
                0x0080d660                alt_irq_active
 *(.sbss2 .sbss2.* .gnu.linkonce.sb2.*)
 *(.scommon)
                0x0080d664                PROVIDE (__sbss_end, ABSOLUTE (.))
                0x0080d664                PROVIDE (___sbss_end, ABSOLUTE (.))
 *(.dynbss)
 *(.bss .bss.* .gnu.linkonce.b.*)
 .bss           0x0080d664        0x0 ../software_bsp//obj/HAL/src/crt0.o
 .bss           0x0080d664        0x0 obj/default/hello_world.o
 .bss           0x0080d664        0x0 c:/altera/nios2eds/bin/gnu/h-i686-mingw32/bin/../lib/gcc/nios2-elf/4.1.2\libgcc.a(_addsub_sf.o)
 .bss           0x0080d664        0x0 c:/altera/nios2eds/bin/gnu/h-i686-mingw32/bin/../lib/gcc/nios2-elf/4.1.2\libgcc.a(_mul_sf.o)
 .bss           0x0080d664        0x0 c:/altera/nios2eds/bin/gnu/h-i686-mingw32/bin/../lib/gcc/nios2-elf/4.1.2\libgcc.a(_div_sf.o)
 .bss           0x0080d664        0x0 c:/altera/nios2eds/bin/gnu/h-i686-mingw32/bin/../lib/gcc/nios2-elf/4.1.2\libgcc.a(_sf_to_df.o)
 .bss           0x0080d664        0x0 c:/altera/nios2eds/bin/gnu/h-i686-mingw32/bin/../lib/gcc/nios2-elf/4.1.2\libgcc.a(_thenan_sf.o)
 .bss           0x0080d664        0x0 c:/altera/nios2eds/bin/gnu/h-i686-mingw32/bin/../lib/gcc/nios2-elf/4.1.2\libgcc.a(_addsub_df.o)
 .bss           0x0080d664        0x0 c:/altera/nios2eds/bin/gnu/h-i686-mingw32/bin/../lib/gcc/nios2-elf/4.1.2\libgcc.a(_div_df.o)
 .bss           0x0080d664        0x0 c:/altera/nios2eds/bin/gnu/h-i686-mingw32/bin/../lib/gcc/nios2-elf/4.1.2\libgcc.a(_make_df.o)
 .bss           0x0080d664        0x0 c:/altera/nios2eds/bin/gnu/h-i686-mingw32/bin/../lib/gcc/nios2-elf/4.1.2\libgcc.a(_thenan_df.o)
 .bss           0x0080d664        0x0 c:/altera/nios2eds/bin/gnu/h-i686-mingw32/bin/../lib/gcc/nios2-elf/4.1.2\libgcc.a(_usi_to_df.o)
 .bss           0x0080d664        0x0 c:/altera/nios2eds/bin/gnu/h-i686-mingw32/bin/../lib/gcc/nios2-elf/4.1.2\libgcc.a(_muldi3.o)
 .bss           0x0080d664        0x0 c:/altera/nios2eds/bin/gnu/h-i686-mingw32/bin/../lib/gcc/nios2-elf/4.1.2\libgcc.a(_clzsi2.o)
 .bss           0x0080d664        0x0 c:/altera/nios2eds/bin/gnu/h-i686-mingw32/bin/../lib/gcc/nios2-elf/4.1.2\libgcc.a(_pack_sf.o)
 .bss           0x0080d664        0x0 c:/altera/nios2eds/bin/gnu/h-i686-mingw32/bin/../lib/gcc/nios2-elf/4.1.2\libgcc.a(_unpack_sf.o)
 .bss           0x0080d664        0x0 c:/altera/nios2eds/bin/gnu/h-i686-mingw32/bin/../lib/gcc/nios2-elf/4.1.2\libgcc.a(_pack_df.o)
 .bss           0x0080d664        0x0 c:/altera/nios2eds/bin/gnu/h-i686-mingw32/bin/../lib/gcc/nios2-elf/4.1.2\libgcc.a(_unpack_df.o)
 .bss           0x0080d664        0x0 c:/altera/nios2eds/bin/gnu/h-i686-mingw32/bin/../lib/gcc/nios2-elf/4.1.2\libgcc.a(_clz.o)
 .bss           0x0080d664        0x0 c:/altera/nios2eds/bin/gnu/h-i686-mingw32/bin/../lib/gcc/nios2-elf/4.1.2/../../../../nios2-elf/lib\libc.a(lib_a-efgcvt.o)
 .bss           0x0080d664        0x0 c:/altera/nios2eds/bin/gnu/h-i686-mingw32/bin/../lib/gcc/nios2-elf/4.1.2/../../../../nios2-elf/lib\libc.a(lib_a-impure.o)
 .bss           0x0080d664        0x0 c:/altera/nios2eds/bin/gnu/h-i686-mingw32/bin/../lib/gcc/nios2-elf/4.1.2/../../../../nios2-elf/lib\libc.a(lib_a-malloc.o)
 .bss           0x0080d664       0x28 c:/altera/nios2eds/bin/gnu/h-i686-mingw32/bin/../lib/gcc/nios2-elf/4.1.2/../../../../nios2-elf/lib\libc.a(lib_a-mallocr.o)
                0x0080d664                __malloc_current_mallinfo
 .bss           0x0080d68c        0x0 c:/altera/nios2eds/bin/gnu/h-i686-mingw32/bin/../lib/gcc/nios2-elf/4.1.2/../../../../nios2-elf/lib\libc.a(lib_a-memcpy.o)
 .bss           0x0080d68c        0x0 c:/altera/nios2eds/bin/gnu/h-i686-mingw32/bin/../lib/gcc/nios2-elf/4.1.2/../../../../nios2-elf/lib\libc.a(lib_a-sbrkr.o)
 .bss           0x0080d68c        0x0 c:/altera/nios2eds/bin/gnu/h-i686-mingw32/bin/../lib/gcc/nios2-elf/4.1.2/../../../../nios2-elf/lib\libc.a(lib_a-ecvtbuf.o)
 .bss           0x0080d68c        0x0 c:/altera/nios2eds/bin/gnu/h-i686-mingw32/bin/../lib/gcc/nios2-elf/4.1.2/../../../../nios2-elf/lib\libc.a(lib_a-freer.o)
 .bss           0x0080d68c        0x0 c:/altera/nios2eds/bin/gnu/h-i686-mingw32/bin/../lib/gcc/nios2-elf/4.1.2/../../../../nios2-elf/lib\libc.a(lib_a-int_errno.o)
 .bss           0x0080d68c        0x0 c:/altera/nios2eds/bin/gnu/h-i686-mingw32/bin/../lib/gcc/nios2-elf/4.1.2/../../../../nios2-elf/lib\libc.a(lib_a-mprec.o)
 .bss           0x0080d68c        0x0 c:/altera/nios2eds/bin/gnu/h-i686-mingw32/bin/../lib/gcc/nios2-elf/4.1.2/../../../../nios2-elf/lib\libc.a(lib_a-reallocr.o)
 .bss           0x0080d68c        0x0 c:/altera/nios2eds/bin/gnu/h-i686-mingw32/bin/../lib/gcc/nios2-elf/4.1.2/../../../../nios2-elf/lib\libc.a(lib_a-strcpy.o)
 .bss           0x0080d68c        0x0 c:/altera/nios2eds/bin/gnu/h-i686-mingw32/bin/../lib/gcc/nios2-elf/4.1.2/../../../../nios2-elf/lib\libc.a(lib_a-callocr.o)
 .bss           0x0080d68c        0x0 c:/altera/nios2eds/bin/gnu/h-i686-mingw32/bin/../lib/gcc/nios2-elf/4.1.2/../../../../nios2-elf/lib\libc.a(lib_a-dtoa.o)
 .bss           0x0080d68c        0x0 c:/altera/nios2eds/bin/gnu/h-i686-mingw32/bin/../lib/gcc/nios2-elf/4.1.2/../../../../nios2-elf/lib\libc.a(lib_a-memmove.o)
 .bss           0x0080d68c        0x0 c:/altera/nios2eds/bin/gnu/h-i686-mingw32/bin/../lib/gcc/nios2-elf/4.1.2/../../../../nios2-elf/lib\libc.a(lib_a-memset.o)
 .bss           0x0080d68c        0x0 c:/altera/nios2eds/bin/gnu/h-i686-mingw32/bin/../lib/gcc/nios2-elf/4.1.2\libgcc.a(_mul_df.o)
 .bss           0x0080d68c        0x0 c:/altera/nios2eds/bin/gnu/h-i686-mingw32/bin/../lib/gcc/nios2-elf/4.1.2\libgcc.a(_eq_df.o)
 .bss           0x0080d68c        0x0 c:/altera/nios2eds/bin/gnu/h-i686-mingw32/bin/../lib/gcc/nios2-elf/4.1.2\libgcc.a(_ne_df.o)
 .bss           0x0080d68c        0x0 c:/altera/nios2eds/bin/gnu/h-i686-mingw32/bin/../lib/gcc/nios2-elf/4.1.2\libgcc.a(_gt_df.o)
 .bss           0x0080d68c        0x0 c:/altera/nios2eds/bin/gnu/h-i686-mingw32/bin/../lib/gcc/nios2-elf/4.1.2\libgcc.a(_ge_df.o)
 .bss           0x0080d68c        0x0 c:/altera/nios2eds/bin/gnu/h-i686-mingw32/bin/../lib/gcc/nios2-elf/4.1.2\libgcc.a(_lt_df.o)
 .bss           0x0080d68c        0x0 c:/altera/nios2eds/bin/gnu/h-i686-mingw32/bin/../lib/gcc/nios2-elf/4.1.2\libgcc.a(_le_df.o)
 .bss           0x0080d68c        0x0 c:/altera/nios2eds/bin/gnu/h-i686-mingw32/bin/../lib/gcc/nios2-elf/4.1.2\libgcc.a(_si_to_df.o)
 .bss           0x0080d68c        0x0 c:/altera/nios2eds/bin/gnu/h-i686-mingw32/bin/../lib/gcc/nios2-elf/4.1.2\libgcc.a(_df_to_si.o)
 .bss           0x0080d68c        0x0 c:/altera/nios2eds/bin/gnu/h-i686-mingw32/bin/../lib/gcc/nios2-elf/4.1.2\libgcc.a(lib2-divmod.o)
 .bss           0x0080d68c        0x0 c:/altera/nios2eds/bin/gnu/h-i686-mingw32/bin/../lib/gcc/nios2-elf/4.1.2\libgcc.a(_fpcmp_parts_df.o)
 .bss           0x0080d68c        0x0 ../software_bsp/\libhal_bsp.a(alt_load.o)
 .bss           0x0080d68c        0x0 ../software_bsp/\libhal_bsp.a(alt_main.o)
 .bss           0x0080d68c        0x0 ../software_bsp/\libhal_bsp.a(alt_malloc_lock.o)
 .bss           0x0080d68c        0x0 ../software_bsp/\libhal_bsp.a(alt_putstr.o)
 .bss           0x0080d68c        0x0 ../software_bsp/\libhal_bsp.a(alt_sbrk.o)
 .bss           0x0080d68c        0x0 ../software_bsp/\libhal_bsp.a(alt_tick.o)
 .bss           0x0080d68c        0x0 ../software_bsp/\libhal_bsp.a(alt_times.o)
 .bss           0x0080d68c        0x0 ../software_bsp/\libhal_bsp.a(alt_sys_init.o)
 .bss           0x0080d68c        0x0 ../software_bsp/\libhal_bsp.a(altera_avalon_jtag_uart_fd.o)
 .bss           0x0080d68c        0x0 ../software_bsp/\libhal_bsp.a(altera_avalon_jtag_uart_init.o)
 .bss           0x0080d68c        0x0 ../software_bsp/\libhal_bsp.a(altera_avalon_jtag_uart_ioctl.o)
 .bss           0x0080d68c        0x0 ../software_bsp/\libhal_bsp.a(altera_avalon_jtag_uart_read.o)
 .bss           0x0080d68c        0x0 ../software_bsp/\libhal_bsp.a(altera_avalon_jtag_uart_write.o)
 .bss           0x0080d68c        0x0 ../software_bsp/\libhal_bsp.a(altera_avalon_timer_sc.o)
 .bss           0x0080d68c        0x0 ../software_bsp/\libhal_bsp.a(alt_alarm_start.o)
 .bss           0x0080d68c        0x0 ../software_bsp/\libhal_bsp.a(alt_close.o)
 .bss           0x0080d68c        0x0 ../software_bsp/\libhal_bsp.a(alt_dcache_flush_all.o)
 .bss           0x0080d68c        0x0 ../software_bsp/\libhal_bsp.a(alt_dev.o)
 .bss           0x0080d68c        0x0 ../software_bsp/\libhal_bsp.a(alt_dev_llist_insert.o)
 .bss           0x0080d68c        0x0 ../software_bsp/\libhal_bsp.a(alt_errno.o)
 .bss           0x0080d68c        0x0 ../software_bsp/\libhal_bsp.a(alt_icache_flush_all.o)
 .bss           0x0080d68c        0x0 ../software_bsp/\libhal_bsp.a(alt_iic.o)
 .bss           0x0080d68c        0x0 ../software_bsp/\libhal_bsp.a(alt_iic_isr_register.o)
 .bss           0x0080d68c        0x0 ../software_bsp/\libhal_bsp.a(alt_io_redirect.o)
 .bss           0x0080d68c        0x0 ../software_bsp/\libhal_bsp.a(alt_irq_entry.o)
 .bss           0x0080d68c        0x0 ../software_bsp/\libhal_bsp.a(alt_irq_handler.o)
 .bss           0x0080d68c        0x0 ../software_bsp/\libhal_bsp.a(alt_irq_vars.o)
 .bss           0x0080d68c        0x0 ../software_bsp/\libhal_bsp.a(alt_open.o)
 .bss           0x0080d68c        0x0 ../software_bsp/\libhal_bsp.a(alt_release_fd.o)
 .bss           0x0080d68c        0x0 ../software_bsp/\libhal_bsp.a(altera_nios2_qsys_irq.o)
 .bss           0x0080d68c        0x0 ../software_bsp/\libhal_bsp.a(alt_exception_entry.o)
 .bss           0x0080d68c        0x0 ../software_bsp/\libhal_bsp.a(alt_find_dev.o)
 .bss           0x0080d68c        0x0 ../software_bsp/\libhal_bsp.a(alt_find_file.o)
 .bss           0x0080d68c        0x0 ../software_bsp/\libhal_bsp.a(alt_get_fd.o)
 .bss           0x0080d68c        0x0 ../software_bsp/\libhal_bsp.a(alt_icache_flush.o)
 .bss           0x0080d68c        0x0 c:/altera/nios2eds/bin/gnu/h-i686-mingw32/bin/../lib/gcc/nios2-elf/4.1.2/../../../../nios2-elf/lib\libc.a(lib_a-exit.o)
 .bss           0x0080d68c        0x0 c:/altera/nios2eds/bin/gnu/h-i686-mingw32/bin/../lib/gcc/nios2-elf/4.1.2/../../../../nios2-elf/lib\libc.a(lib_a-fputs.o)
 .bss           0x0080d68c        0x0 c:/altera/nios2eds/bin/gnu/h-i686-mingw32/bin/../lib/gcc/nios2-elf/4.1.2/../../../../nios2-elf/lib\libc.a(lib_a-fvwrite.o)
 .bss           0x0080d68c        0x0 c:/altera/nios2eds/bin/gnu/h-i686-mingw32/bin/../lib/gcc/nios2-elf/4.1.2/../../../../nios2-elf/lib\libc.a(lib_a-memchr.o)
 .bss           0x0080d68c        0x0 c:/altera/nios2eds/bin/gnu/h-i686-mingw32/bin/../lib/gcc/nios2-elf/4.1.2/../../../../nios2-elf/lib\libc.a(lib_a-memcmp.o)
 .bss           0x0080d68c        0x0 c:/altera/nios2eds/bin/gnu/h-i686-mingw32/bin/../lib/gcc/nios2-elf/4.1.2/../../../../nios2-elf/lib\libc.a(lib_a-strlen.o)
 .bss           0x0080d68c        0x0 c:/altera/nios2eds/bin/gnu/h-i686-mingw32/bin/../lib/gcc/nios2-elf/4.1.2/../../../../nios2-elf/lib\libc.a(lib_a-wsetup.o)
 .bss           0x0080d68c        0x0 c:/altera/nios2eds/bin/gnu/h-i686-mingw32/bin/../lib/gcc/nios2-elf/4.1.2/../../../../nios2-elf/lib\libc.a(lib_a-__call_atexit.o)
 .bss           0x0080d68c        0x0 c:/altera/nios2eds/bin/gnu/h-i686-mingw32/bin/../lib/gcc/nios2-elf/4.1.2/../../../../nios2-elf/lib\libc.a(lib_a-fflush.o)
 .bss           0x0080d68c        0x0 c:/altera/nios2eds/bin/gnu/h-i686-mingw32/bin/../lib/gcc/nios2-elf/4.1.2/../../../../nios2-elf/lib\libc.a(lib_a-findfp.o)
 .bss           0x0080d68c        0x0 c:/altera/nios2eds/bin/gnu/h-i686-mingw32/bin/../lib/gcc/nios2-elf/4.1.2/../../../../nios2-elf/lib\libc.a(lib_a-fwalk.o)
 .bss           0x0080d68c        0x0 c:/altera/nios2eds/bin/gnu/h-i686-mingw32/bin/../lib/gcc/nios2-elf/4.1.2/../../../../nios2-elf/lib\libc.a(lib_a-makebuf.o)
 .bss           0x0080d68c        0x0 c:/altera/nios2eds/bin/gnu/h-i686-mingw32/bin/../lib/gcc/nios2-elf/4.1.2/../../../../nios2-elf/lib\libc.a(lib_a-stdio.o)
 .bss           0x0080d68c        0x0 c:/altera/nios2eds/bin/gnu/h-i686-mingw32/bin/../lib/gcc/nios2-elf/4.1.2/../../../../nios2-elf/lib\libc.a(lib_a-writer.o)
 .bss           0x0080d68c        0x0 c:/altera/nios2eds/bin/gnu/h-i686-mingw32/bin/../lib/gcc/nios2-elf/4.1.2/../../../../nios2-elf/lib\libc.a(lib_a-closer.o)
 .bss           0x0080d68c        0x0 c:/altera/nios2eds/bin/gnu/h-i686-mingw32/bin/../lib/gcc/nios2-elf/4.1.2/../../../../nios2-elf/lib\libc.a(lib_a-fclose.o)
 .bss           0x0080d68c        0x0 c:/altera/nios2eds/bin/gnu/h-i686-mingw32/bin/../lib/gcc/nios2-elf/4.1.2/../../../../nios2-elf/lib\libc.a(lib_a-fstatr.o)
 .bss           0x0080d68c        0x0 c:/altera/nios2eds/bin/gnu/h-i686-mingw32/bin/../lib/gcc/nios2-elf/4.1.2/../../../../nios2-elf/lib\libc.a(lib_a-isattyr.o)
 .bss           0x0080d68c        0x0 c:/altera/nios2eds/bin/gnu/h-i686-mingw32/bin/../lib/gcc/nios2-elf/4.1.2/../../../../nios2-elf/lib\libc.a(lib_a-lseekr.o)
 .bss           0x0080d68c        0x0 c:/altera/nios2eds/bin/gnu/h-i686-mingw32/bin/../lib/gcc/nios2-elf/4.1.2/../../../../nios2-elf/lib\libc.a(lib_a-readr.o)
 .bss           0x0080d68c        0x0 ../software_bsp/\libhal_bsp.a(alt_exit.o)
 .bss           0x0080d68c        0x0 ../software_bsp/\libhal_bsp.a(alt_fstat.o)
 .bss           0x0080d68c        0x0 ../software_bsp/\libhal_bsp.a(alt_isatty.o)
 .bss           0x0080d68c        0x0 ../software_bsp/\libhal_bsp.a(alt_lseek.o)
 .bss           0x0080d68c        0x0 ../software_bsp/\libhal_bsp.a(alt_read.o)
 .bss           0x0080d68c        0x0 ../software_bsp/\libhal_bsp.a(alt_write.o)
 *(COMMON)
 COMMON         0x0080d68c      0x100 ../software_bsp/\libhal_bsp.a(alt_irq_handler.o)
                0x0080d68c                alt_irq
                0x0080d78c                . = ALIGN (0x4)
                0x0080d78c                __bss_end = ABSOLUTE (.)

.sdram          0x0080d78c        0x0
                0x0080d78c                PROVIDE (_alt_partition_sdram_start, ABSOLUTE (.))
 *(.sdram. sdram.*)
                0x0080d78c                . = ALIGN (0x4)
                0x0080d78c                PROVIDE (_alt_partition_sdram_end, ABSOLUTE (.))
                0x0080d78c                _end = ABSOLUTE (.)
                0x0080d78c                end = ABSOLUTE (.)
                0x0080d78c                __alt_stack_base = ABSOLUTE (.)
                0x0080d78c                PROVIDE (_alt_partition_sdram_load_addr, LOADADDR (.sdram))

.stab
 *(.stab)

.stabstr
 *(.stabstr)

.stab.excl
 *(.stab.excl)

.stab.exclstr
 *(.stab.exclstr)

.stab.index
 *(.stab.index)

.stab.indexstr
 *(.stab.indexstr)

.comment        0x00000000       0x23
 *(.comment)
 .comment       0x00000000       0x23 obj/default/hello_world.o
                                 0x24 (size before relaxing)
 .comment       0x00000000       0x24 c:/altera/nios2eds/bin/gnu/h-i686-mingw32/bin/../lib/gcc/nios2-elf/4.1.2\libgcc.a(_addsub_sf.o)
 .comment       0x00000000       0x24 c:/altera/nios2eds/bin/gnu/h-i686-mingw32/bin/../lib/gcc/nios2-elf/4.1.2\libgcc.a(_mul_sf.o)
 .comment       0x00000000       0x24 c:/altera/nios2eds/bin/gnu/h-i686-mingw32/bin/../lib/gcc/nios2-elf/4.1.2\libgcc.a(_div_sf.o)
 .comment       0x00000000       0x24 c:/altera/nios2eds/bin/gnu/h-i686-mingw32/bin/../lib/gcc/nios2-elf/4.1.2\libgcc.a(_sf_to_df.o)
 .comment       0x00000000       0x24 c:/altera/nios2eds/bin/gnu/h-i686-mingw32/bin/../lib/gcc/nios2-elf/4.1.2\libgcc.a(_thenan_sf.o)
 .comment       0x00000000       0x24 c:/altera/nios2eds/bin/gnu/h-i686-mingw32/bin/../lib/gcc/nios2-elf/4.1.2\libgcc.a(_addsub_df.o)
 .comment       0x00000000       0x24 c:/altera/nios2eds/bin/gnu/h-i686-mingw32/bin/../lib/gcc/nios2-elf/4.1.2\libgcc.a(_div_df.o)
 .comment       0x00000000       0x24 c:/altera/nios2eds/bin/gnu/h-i686-mingw32/bin/../lib/gcc/nios2-elf/4.1.2\libgcc.a(_make_df.o)
 .comment       0x00000000       0x24 c:/altera/nios2eds/bin/gnu/h-i686-mingw32/bin/../lib/gcc/nios2-elf/4.1.2\libgcc.a(_thenan_df.o)
 .comment       0x00000000       0x24 c:/altera/nios2eds/bin/gnu/h-i686-mingw32/bin/../lib/gcc/nios2-elf/4.1.2\libgcc.a(_usi_to_df.o)
 .comment       0x00000000       0x24 c:/altera/nios2eds/bin/gnu/h-i686-mingw32/bin/../lib/gcc/nios2-elf/4.1.2\libgcc.a(_muldi3.o)
 .comment       0x00000000       0x24 c:/altera/nios2eds/bin/gnu/h-i686-mingw32/bin/../lib/gcc/nios2-elf/4.1.2\libgcc.a(_clzsi2.o)
 .comment       0x00000000       0x24 c:/altera/nios2eds/bin/gnu/h-i686-mingw32/bin/../lib/gcc/nios2-elf/4.1.2\libgcc.a(_pack_sf.o)
 .comment       0x00000000       0x24 c:/altera/nios2eds/bin/gnu/h-i686-mingw32/bin/../lib/gcc/nios2-elf/4.1.2\libgcc.a(_unpack_sf.o)
 .comment       0x00000000       0x24 c:/altera/nios2eds/bin/gnu/h-i686-mingw32/bin/../lib/gcc/nios2-elf/4.1.2\libgcc.a(_pack_df.o)
 .comment       0x00000000       0x24 c:/altera/nios2eds/bin/gnu/h-i686-mingw32/bin/../lib/gcc/nios2-elf/4.1.2\libgcc.a(_unpack_df.o)
 .comment       0x00000000       0x24 c:/altera/nios2eds/bin/gnu/h-i686-mingw32/bin/../lib/gcc/nios2-elf/4.1.2\libgcc.a(_clz.o)
 .comment       0x00000000       0x24 c:/altera/nios2eds/bin/gnu/h-i686-mingw32/bin/../lib/gcc/nios2-elf/4.1.2/../../../../nios2-elf/lib\libc.a(lib_a-efgcvt.o)
 .comment       0x00000000       0x24 c:/altera/nios2eds/bin/gnu/h-i686-mingw32/bin/../lib/gcc/nios2-elf/4.1.2/../../../../nios2-elf/lib\libc.a(lib_a-impure.o)
 .comment       0x00000000       0x24 c:/altera/nios2eds/bin/gnu/h-i686-mingw32/bin/../lib/gcc/nios2-elf/4.1.2/../../../../nios2-elf/lib\libc.a(lib_a-malloc.o)
 .comment       0x00000000       0x24 c:/altera/nios2eds/bin/gnu/h-i686-mingw32/bin/../lib/gcc/nios2-elf/4.1.2/../../../../nios2-elf/lib\libc.a(lib_a-mallocr.o)
 .comment       0x00000000       0x24 c:/altera/nios2eds/bin/gnu/h-i686-mingw32/bin/../lib/gcc/nios2-elf/4.1.2/../../../../nios2-elf/lib\libc.a(lib_a-memcpy.o)
 .comment       0x00000000       0x24 c:/altera/nios2eds/bin/gnu/h-i686-mingw32/bin/../lib/gcc/nios2-elf/4.1.2/../../../../nios2-elf/lib\libc.a(lib_a-sbrkr.o)
 .comment       0x00000000       0x24 c:/altera/nios2eds/bin/gnu/h-i686-mingw32/bin/../lib/gcc/nios2-elf/4.1.2/../../../../nios2-elf/lib\libc.a(lib_a-ecvtbuf.o)
 .comment       0x00000000       0x24 c:/altera/nios2eds/bin/gnu/h-i686-mingw32/bin/../lib/gcc/nios2-elf/4.1.2/../../../../nios2-elf/lib\libc.a(lib_a-freer.o)
 .comment       0x00000000       0x24 c:/altera/nios2eds/bin/gnu/h-i686-mingw32/bin/../lib/gcc/nios2-elf/4.1.2/../../../../nios2-elf/lib\libc.a(lib_a-int_errno.o)
 .comment       0x00000000       0x24 c:/altera/nios2eds/bin/gnu/h-i686-mingw32/bin/../lib/gcc/nios2-elf/4.1.2/../../../../nios2-elf/lib\libc.a(lib_a-mprec.o)
 .comment       0x00000000       0x24 c:/altera/nios2eds/bin/gnu/h-i686-mingw32/bin/../lib/gcc/nios2-elf/4.1.2/../../../../nios2-elf/lib\libc.a(lib_a-reallocr.o)
 .comment       0x00000000       0x24 c:/altera/nios2eds/bin/gnu/h-i686-mingw32/bin/../lib/gcc/nios2-elf/4.1.2/../../../../nios2-elf/lib\libc.a(lib_a-strcpy.o)
 .comment       0x00000000       0x24 c:/altera/nios2eds/bin/gnu/h-i686-mingw32/bin/../lib/gcc/nios2-elf/4.1.2/../../../../nios2-elf/lib\libc.a(lib_a-callocr.o)
 .comment       0x00000000       0x24 c:/altera/nios2eds/bin/gnu/h-i686-mingw32/bin/../lib/gcc/nios2-elf/4.1.2/../../../../nios2-elf/lib\libc.a(lib_a-dtoa.o)
 .comment       0x00000000       0x24 c:/altera/nios2eds/bin/gnu/h-i686-mingw32/bin/../lib/gcc/nios2-elf/4.1.2/../../../../nios2-elf/lib\libc.a(lib_a-memmove.o)
 .comment       0x00000000       0x24 c:/altera/nios2eds/bin/gnu/h-i686-mingw32/bin/../lib/gcc/nios2-elf/4.1.2/../../../../nios2-elf/lib\libc.a(lib_a-memset.o)
 .comment       0x00000000       0x24 c:/altera/nios2eds/bin/gnu/h-i686-mingw32/bin/../lib/gcc/nios2-elf/4.1.2\libgcc.a(_mul_df.o)
 .comment       0x00000000       0x24 c:/altera/nios2eds/bin/gnu/h-i686-mingw32/bin/../lib/gcc/nios2-elf/4.1.2\libgcc.a(_eq_df.o)
 .comment       0x00000000       0x24 c:/altera/nios2eds/bin/gnu/h-i686-mingw32/bin/../lib/gcc/nios2-elf/4.1.2\libgcc.a(_ne_df.o)
 .comment       0x00000000       0x24 c:/altera/nios2eds/bin/gnu/h-i686-mingw32/bin/../lib/gcc/nios2-elf/4.1.2\libgcc.a(_gt_df.o)
 .comment       0x00000000       0x24 c:/altera/nios2eds/bin/gnu/h-i686-mingw32/bin/../lib/gcc/nios2-elf/4.1.2\libgcc.a(_ge_df.o)
 .comment       0x00000000       0x24 c:/altera/nios2eds/bin/gnu/h-i686-mingw32/bin/../lib/gcc/nios2-elf/4.1.2\libgcc.a(_lt_df.o)
 .comment       0x00000000       0x24 c:/altera/nios2eds/bin/gnu/h-i686-mingw32/bin/../lib/gcc/nios2-elf/4.1.2\libgcc.a(_le_df.o)
 .comment       0x00000000       0x24 c:/altera/nios2eds/bin/gnu/h-i686-mingw32/bin/../lib/gcc/nios2-elf/4.1.2\libgcc.a(_si_to_df.o)
 .comment       0x00000000       0x24 c:/altera/nios2eds/bin/gnu/h-i686-mingw32/bin/../lib/gcc/nios2-elf/4.1.2\libgcc.a(_df_to_si.o)
 .comment       0x00000000       0x24 c:/altera/nios2eds/bin/gnu/h-i686-mingw32/bin/../lib/gcc/nios2-elf/4.1.2\libgcc.a(lib2-divmod.o)
 .comment       0x00000000       0x24 c:/altera/nios2eds/bin/gnu/h-i686-mingw32/bin/../lib/gcc/nios2-elf/4.1.2\libgcc.a(_fpcmp_parts_df.o)
 .comment       0x00000000       0x24 ../software_bsp/\libhal_bsp.a(alt_load.o)
 .comment       0x00000000       0x24 ../software_bsp/\libhal_bsp.a(alt_main.o)
 .comment       0x00000000       0x24 ../software_bsp/\libhal_bsp.a(alt_malloc_lock.o)
 .comment       0x00000000       0x24 ../software_bsp/\libhal_bsp.a(alt_putstr.o)
 .comment       0x00000000       0x24 ../software_bsp/\libhal_bsp.a(alt_sbrk.o)
 .comment       0x00000000       0x24 ../software_bsp/\libhal_bsp.a(alt_tick.o)
 .comment       0x00000000       0x24 ../software_bsp/\libhal_bsp.a(alt_times.o)
 .comment       0x00000000       0x24 ../software_bsp/\libhal_bsp.a(alt_sys_init.o)
 .comment       0x00000000       0x24 ../software_bsp/\libhal_bsp.a(altera_avalon_jtag_uart_fd.o)
 .comment       0x00000000       0x24 ../software_bsp/\libhal_bsp.a(altera_avalon_jtag_uart_init.o)
 .comment       0x00000000       0x24 ../software_bsp/\libhal_bsp.a(altera_avalon_jtag_uart_ioctl.o)
 .comment       0x00000000       0x24 ../software_bsp/\libhal_bsp.a(altera_avalon_jtag_uart_read.o)
 .comment       0x00000000       0x24 ../software_bsp/\libhal_bsp.a(altera_avalon_jtag_uart_write.o)
 .comment       0x00000000       0x24 ../software_bsp/\libhal_bsp.a(altera_avalon_timer_sc.o)
 .comment       0x00000000       0x24 ../software_bsp/\libhal_bsp.a(alt_alarm_start.o)
 .comment       0x00000000       0x24 ../software_bsp/\libhal_bsp.a(alt_close.o)
 .comment       0x00000000       0x24 ../software_bsp/\libhal_bsp.a(alt_dcache_flush_all.o)
 .comment       0x00000000       0x24 ../software_bsp/\libhal_bsp.a(alt_dev.o)
 .comment       0x00000000       0x24 ../software_bsp/\libhal_bsp.a(alt_dev_llist_insert.o)
 .comment       0x00000000       0x24 ../software_bsp/\libhal_bsp.a(alt_errno.o)
 .comment       0x00000000       0x24 ../software_bsp/\libhal_bsp.a(alt_icache_flush_all.o)
 .comment       0x00000000       0x24 ../software_bsp/\libhal_bsp.a(alt_iic.o)
 .comment       0x00000000       0x24 ../software_bsp/\libhal_bsp.a(alt_iic_isr_register.o)
 .comment       0x00000000       0x24 ../software_bsp/\libhal_bsp.a(alt_io_redirect.o)
 .comment       0x00000000       0x24 ../software_bsp/\libhal_bsp.a(alt_irq_handler.o)
 .comment       0x00000000       0x24 ../software_bsp/\libhal_bsp.a(alt_irq_vars.o)
 .comment       0x00000000       0x24 ../software_bsp/\libhal_bsp.a(alt_open.o)
 .comment       0x00000000       0x24 ../software_bsp/\libhal_bsp.a(alt_release_fd.o)
 .comment       0x00000000       0x24 ../software_bsp/\libhal_bsp.a(altera_nios2_qsys_irq.o)
 .comment       0x00000000       0x24 ../software_bsp/\libhal_bsp.a(alt_find_dev.o)
 .comment       0x00000000       0x24 ../software_bsp/\libhal_bsp.a(alt_find_file.o)
 .comment       0x00000000       0x24 ../software_bsp/\libhal_bsp.a(alt_get_fd.o)
 .comment       0x00000000       0x24 ../software_bsp/\libhal_bsp.a(alt_icache_flush.o)
 .comment       0x00000000       0x24 c:/altera/nios2eds/bin/gnu/h-i686-mingw32/bin/../lib/gcc/nios2-elf/4.1.2/../../../../nios2-elf/lib\libc.a(lib_a-exit.o)
 .comment       0x00000000       0x24 c:/altera/nios2eds/bin/gnu/h-i686-mingw32/bin/../lib/gcc/nios2-elf/4.1.2/../../../../nios2-elf/lib\libc.a(lib_a-fputs.o)
 .comment       0x00000000       0x24 c:/altera/nios2eds/bin/gnu/h-i686-mingw32/bin/../lib/gcc/nios2-elf/4.1.2/../../../../nios2-elf/lib\libc.a(lib_a-fvwrite.o)
 .comment       0x00000000       0x24 c:/altera/nios2eds/bin/gnu/h-i686-mingw32/bin/../lib/gcc/nios2-elf/4.1.2/../../../../nios2-elf/lib\libc.a(lib_a-memchr.o)
 .comment       0x00000000       0x24 c:/altera/nios2eds/bin/gnu/h-i686-mingw32/bin/../lib/gcc/nios2-elf/4.1.2/../../../../nios2-elf/lib\libc.a(lib_a-memcmp.o)
 .comment       0x00000000       0x24 c:/altera/nios2eds/bin/gnu/h-i686-mingw32/bin/../lib/gcc/nios2-elf/4.1.2/../../../../nios2-elf/lib\libc.a(lib_a-strlen.o)
 .comment       0x00000000       0x24 c:/altera/nios2eds/bin/gnu/h-i686-mingw32/bin/../lib/gcc/nios2-elf/4.1.2/../../../../nios2-elf/lib\libc.a(lib_a-wsetup.o)
 .comment       0x00000000       0x24 c:/altera/nios2eds/bin/gnu/h-i686-mingw32/bin/../lib/gcc/nios2-elf/4.1.2/../../../../nios2-elf/lib\libc.a(lib_a-__call_atexit.o)
 .comment       0x00000000       0x24 c:/altera/nios2eds/bin/gnu/h-i686-mingw32/bin/../lib/gcc/nios2-elf/4.1.2/../../../../nios2-elf/lib\libc.a(lib_a-fflush.o)
 .comment       0x00000000       0x24 c:/altera/nios2eds/bin/gnu/h-i686-mingw32/bin/../lib/gcc/nios2-elf/4.1.2/../../../../nios2-elf/lib\libc.a(lib_a-findfp.o)
 .comment       0x00000000       0x24 c:/altera/nios2eds/bin/gnu/h-i686-mingw32/bin/../lib/gcc/nios2-elf/4.1.2/../../../../nios2-elf/lib\libc.a(lib_a-fwalk.o)
 .comment       0x00000000       0x24 c:/altera/nios2eds/bin/gnu/h-i686-mingw32/bin/../lib/gcc/nios2-elf/4.1.2/../../../../nios2-elf/lib\libc.a(lib_a-makebuf.o)
 .comment       0x00000000       0x24 c:/altera/nios2eds/bin/gnu/h-i686-mingw32/bin/../lib/gcc/nios2-elf/4.1.2/../../../../nios2-elf/lib\libc.a(lib_a-stdio.o)
 .comment       0x00000000       0x24 c:/altera/nios2eds/bin/gnu/h-i686-mingw32/bin/../lib/gcc/nios2-elf/4.1.2/../../../../nios2-elf/lib\libc.a(lib_a-writer.o)
 .comment       0x00000000       0x24 c:/altera/nios2eds/bin/gnu/h-i686-mingw32/bin/../lib/gcc/nios2-elf/4.1.2/../../../../nios2-elf/lib\libc.a(lib_a-closer.o)
 .comment       0x00000000       0x24 c:/altera/nios2eds/bin/gnu/h-i686-mingw32/bin/../lib/gcc/nios2-elf/4.1.2/../../../../nios2-elf/lib\libc.a(lib_a-fclose.o)
 .comment       0x00000000       0x24 c:/altera/nios2eds/bin/gnu/h-i686-mingw32/bin/../lib/gcc/nios2-elf/4.1.2/../../../../nios2-elf/lib\libc.a(lib_a-fstatr.o)
 .comment       0x00000000       0x24 c:/altera/nios2eds/bin/gnu/h-i686-mingw32/bin/../lib/gcc/nios2-elf/4.1.2/../../../../nios2-elf/lib\libc.a(lib_a-isattyr.o)
 .comment       0x00000000       0x24 c:/altera/nios2eds/bin/gnu/h-i686-mingw32/bin/../lib/gcc/nios2-elf/4.1.2/../../../../nios2-elf/lib\libc.a(lib_a-lseekr.o)
 .comment       0x00000000       0x24 c:/altera/nios2eds/bin/gnu/h-i686-mingw32/bin/../lib/gcc/nios2-elf/4.1.2/../../../../nios2-elf/lib\libc.a(lib_a-readr.o)
 .comment       0x00000000       0x24 ../software_bsp/\libhal_bsp.a(alt_exit.o)
 .comment       0x00000000       0x24 ../software_bsp/\libhal_bsp.a(alt_fstat.o)
 .comment       0x00000000       0x24 ../software_bsp/\libhal_bsp.a(alt_isatty.o)
 .comment       0x00000000       0x24 ../software_bsp/\libhal_bsp.a(alt_lseek.o)
 .comment       0x00000000       0x24 ../software_bsp/\libhal_bsp.a(alt_read.o)
 .comment       0x00000000       0x24 ../software_bsp/\libhal_bsp.a(alt_write.o)

.debug
 *(.debug)

.line
 *(.line)

.debug_srcinfo
 *(.debug_srcinfo)

.debug_sfnames
 *(.debug_sfnames)

.debug_aranges  0x00000000      0xcb8
 *(.debug_aranges)
 .debug_aranges
                0x00000000       0x28 ../software_bsp//obj/HAL/src/crt0.o
 .debug_aranges
                0x00000028       0x20 obj/default/hello_world.o
 .debug_aranges
                0x00000048       0x20 c:/altera/nios2eds/bin/gnu/h-i686-mingw32/bin/../lib/gcc/nios2-elf/4.1.2\libgcc.a(_addsub_sf.o)
 .debug_aranges
                0x00000068       0x20 c:/altera/nios2eds/bin/gnu/h-i686-mingw32/bin/../lib/gcc/nios2-elf/4.1.2\libgcc.a(_mul_sf.o)
 .debug_aranges
                0x00000088       0x20 c:/altera/nios2eds/bin/gnu/h-i686-mingw32/bin/../lib/gcc/nios2-elf/4.1.2\libgcc.a(_div_sf.o)
 .debug_aranges
                0x000000a8       0x20 c:/altera/nios2eds/bin/gnu/h-i686-mingw32/bin/../lib/gcc/nios2-elf/4.1.2\libgcc.a(_sf_to_df.o)
 .debug_aranges
                0x000000c8       0x20 c:/altera/nios2eds/bin/gnu/h-i686-mingw32/bin/../lib/gcc/nios2-elf/4.1.2\libgcc.a(_addsub_df.o)
 .debug_aranges
                0x000000e8       0x20 c:/altera/nios2eds/bin/gnu/h-i686-mingw32/bin/../lib/gcc/nios2-elf/4.1.2\libgcc.a(_div_df.o)
 .debug_aranges
                0x00000108       0x20 c:/altera/nios2eds/bin/gnu/h-i686-mingw32/bin/../lib/gcc/nios2-elf/4.1.2\libgcc.a(_make_df.o)
 .debug_aranges
                0x00000128       0x20 c:/altera/nios2eds/bin/gnu/h-i686-mingw32/bin/../lib/gcc/nios2-elf/4.1.2\libgcc.a(_usi_to_df.o)
 .debug_aranges
                0x00000148       0x20 c:/altera/nios2eds/bin/gnu/h-i686-mingw32/bin/../lib/gcc/nios2-elf/4.1.2\libgcc.a(_muldi3.o)
 .debug_aranges
                0x00000168       0x20 c:/altera/nios2eds/bin/gnu/h-i686-mingw32/bin/../lib/gcc/nios2-elf/4.1.2\libgcc.a(_clzsi2.o)
 .debug_aranges
                0x00000188       0x20 c:/altera/nios2eds/bin/gnu/h-i686-mingw32/bin/../lib/gcc/nios2-elf/4.1.2\libgcc.a(_pack_sf.o)
 .debug_aranges
                0x000001a8       0x20 c:/altera/nios2eds/bin/gnu/h-i686-mingw32/bin/../lib/gcc/nios2-elf/4.1.2\libgcc.a(_unpack_sf.o)
 .debug_aranges
                0x000001c8       0x20 c:/altera/nios2eds/bin/gnu/h-i686-mingw32/bin/../lib/gcc/nios2-elf/4.1.2\libgcc.a(_pack_df.o)
 .debug_aranges
                0x000001e8       0x20 c:/altera/nios2eds/bin/gnu/h-i686-mingw32/bin/../lib/gcc/nios2-elf/4.1.2\libgcc.a(_unpack_df.o)
 .debug_aranges
                0x00000208       0x20 c:/altera/nios2eds/bin/gnu/h-i686-mingw32/bin/../lib/gcc/nios2-elf/4.1.2/../../../../nios2-elf/lib\libc.a(lib_a-efgcvt.o)
 .debug_aranges
                0x00000228       0x20 c:/altera/nios2eds/bin/gnu/h-i686-mingw32/bin/../lib/gcc/nios2-elf/4.1.2/../../../../nios2-elf/lib\libc.a(lib_a-malloc.o)
 .debug_aranges
                0x00000248       0x20 c:/altera/nios2eds/bin/gnu/h-i686-mingw32/bin/../lib/gcc/nios2-elf/4.1.2/../../../../nios2-elf/lib\libc.a(lib_a-mallocr.o)
 .debug_aranges
                0x00000268       0x20 c:/altera/nios2eds/bin/gnu/h-i686-mingw32/bin/../lib/gcc/nios2-elf/4.1.2/../../../../nios2-elf/lib\libc.a(lib_a-memcpy.o)
 .debug_aranges
                0x00000288       0x20 c:/altera/nios2eds/bin/gnu/h-i686-mingw32/bin/../lib/gcc/nios2-elf/4.1.2/../../../../nios2-elf/lib\libc.a(lib_a-sbrkr.o)
 .debug_aranges
                0x000002a8       0x20 c:/altera/nios2eds/bin/gnu/h-i686-mingw32/bin/../lib/gcc/nios2-elf/4.1.2/../../../../nios2-elf/lib\libc.a(lib_a-ecvtbuf.o)
 .debug_aranges
                0x000002c8       0x20 c:/altera/nios2eds/bin/gnu/h-i686-mingw32/bin/../lib/gcc/nios2-elf/4.1.2/../../../../nios2-elf/lib\libc.a(lib_a-freer.o)
 .debug_aranges
                0x000002e8       0x20 c:/altera/nios2eds/bin/gnu/h-i686-mingw32/bin/../lib/gcc/nios2-elf/4.1.2/../../../../nios2-elf/lib\libc.a(lib_a-mprec.o)
 .debug_aranges
                0x00000308       0x20 c:/altera/nios2eds/bin/gnu/h-i686-mingw32/bin/../lib/gcc/nios2-elf/4.1.2/../../../../nios2-elf/lib\libc.a(lib_a-reallocr.o)
 .debug_aranges
                0x00000328       0x20 c:/altera/nios2eds/bin/gnu/h-i686-mingw32/bin/../lib/gcc/nios2-elf/4.1.2/../../../../nios2-elf/lib\libc.a(lib_a-strcpy.o)
 .debug_aranges
                0x00000348       0x20 c:/altera/nios2eds/bin/gnu/h-i686-mingw32/bin/../lib/gcc/nios2-elf/4.1.2/../../../../nios2-elf/lib\libc.a(lib_a-callocr.o)
 .debug_aranges
                0x00000368       0x20 c:/altera/nios2eds/bin/gnu/h-i686-mingw32/bin/../lib/gcc/nios2-elf/4.1.2/../../../../nios2-elf/lib\libc.a(lib_a-dtoa.o)
 .debug_aranges
                0x00000388       0x20 c:/altera/nios2eds/bin/gnu/h-i686-mingw32/bin/../lib/gcc/nios2-elf/4.1.2/../../../../nios2-elf/lib\libc.a(lib_a-memmove.o)
 .debug_aranges
                0x000003a8       0x20 c:/altera/nios2eds/bin/gnu/h-i686-mingw32/bin/../lib/gcc/nios2-elf/4.1.2/../../../../nios2-elf/lib\libc.a(lib_a-memset.o)
 .debug_aranges
                0x000003c8       0x20 c:/altera/nios2eds/bin/gnu/h-i686-mingw32/bin/../lib/gcc/nios2-elf/4.1.2\libgcc.a(_mul_df.o)
 .debug_aranges
                0x000003e8       0x20 c:/altera/nios2eds/bin/gnu/h-i686-mingw32/bin/../lib/gcc/nios2-elf/4.1.2\libgcc.a(_eq_df.o)
 .debug_aranges
                0x00000408       0x20 c:/altera/nios2eds/bin/gnu/h-i686-mingw32/bin/../lib/gcc/nios2-elf/4.1.2\libgcc.a(_ne_df.o)
 .debug_aranges
                0x00000428       0x20 c:/altera/nios2eds/bin/gnu/h-i686-mingw32/bin/../lib/gcc/nios2-elf/4.1.2\libgcc.a(_gt_df.o)
 .debug_aranges
                0x00000448       0x20 c:/altera/nios2eds/bin/gnu/h-i686-mingw32/bin/../lib/gcc/nios2-elf/4.1.2\libgcc.a(_ge_df.o)
 .debug_aranges
                0x00000468       0x20 c:/altera/nios2eds/bin/gnu/h-i686-mingw32/bin/../lib/gcc/nios2-elf/4.1.2\libgcc.a(_lt_df.o)
 .debug_aranges
                0x00000488       0x20 c:/altera/nios2eds/bin/gnu/h-i686-mingw32/bin/../lib/gcc/nios2-elf/4.1.2\libgcc.a(_le_df.o)
 .debug_aranges
                0x000004a8       0x20 c:/altera/nios2eds/bin/gnu/h-i686-mingw32/bin/../lib/gcc/nios2-elf/4.1.2\libgcc.a(_si_to_df.o)
 .debug_aranges
                0x000004c8       0x20 c:/altera/nios2eds/bin/gnu/h-i686-mingw32/bin/../lib/gcc/nios2-elf/4.1.2\libgcc.a(_df_to_si.o)
 .debug_aranges
                0x000004e8       0x20 c:/altera/nios2eds/bin/gnu/h-i686-mingw32/bin/../lib/gcc/nios2-elf/4.1.2\libgcc.a(lib2-divmod.o)
 .debug_aranges
                0x00000508       0x20 c:/altera/nios2eds/bin/gnu/h-i686-mingw32/bin/../lib/gcc/nios2-elf/4.1.2\libgcc.a(_fpcmp_parts_df.o)
 .debug_aranges
                0x00000528       0x20 ../software_bsp/\libhal_bsp.a(alt_load.o)
 .debug_aranges
                0x00000548       0x20 ../software_bsp/\libhal_bsp.a(alt_main.o)
 .debug_aranges
                0x00000568       0x20 ../software_bsp/\libhal_bsp.a(alt_malloc_lock.o)
 .debug_aranges
                0x00000588       0x20 ../software_bsp/\libhal_bsp.a(alt_putstr.o)
 .debug_aranges
                0x000005a8       0x20 ../software_bsp/\libhal_bsp.a(alt_sbrk.o)
 .debug_aranges
                0x000005c8       0x20 ../software_bsp/\libhal_bsp.a(alt_tick.o)
 .debug_aranges
                0x000005e8       0x20 ../software_bsp/\libhal_bsp.a(alt_times.o)
 .debug_aranges
                0x00000608       0x20 ../software_bsp/\libhal_bsp.a(alt_sys_init.o)
 .debug_aranges
                0x00000628       0x20 ../software_bsp/\libhal_bsp.a(altera_avalon_jtag_uart_fd.o)
 .debug_aranges
                0x00000648       0x20 ../software_bsp/\libhal_bsp.a(altera_avalon_jtag_uart_init.o)
 .debug_aranges
                0x00000668       0x20 ../software_bsp/\libhal_bsp.a(altera_avalon_jtag_uart_ioctl.o)
 .debug_aranges
                0x00000688       0x20 ../software_bsp/\libhal_bsp.a(altera_avalon_jtag_uart_read.o)
 .debug_aranges
                0x000006a8       0x20 ../software_bsp/\libhal_bsp.a(altera_avalon_jtag_uart_write.o)
 .debug_aranges
                0x000006c8       0x20 ../software_bsp/\libhal_bsp.a(altera_avalon_timer_sc.o)
 .debug_aranges
                0x000006e8       0x20 ../software_bsp/\libhal_bsp.a(alt_alarm_start.o)
 .debug_aranges
                0x00000708       0x20 ../software_bsp/\libhal_bsp.a(alt_close.o)
 .debug_aranges
                0x00000728       0x20 ../software_bsp/\libhal_bsp.a(alt_dcache_flush_all.o)
 .debug_aranges
                0x00000748       0x20 ../software_bsp/\libhal_bsp.a(alt_dev.o)
 .debug_aranges
                0x00000768       0x20 ../software_bsp/\libhal_bsp.a(alt_dev_llist_insert.o)
 .debug_aranges
                0x00000788       0x20 ../software_bsp/\libhal_bsp.a(alt_icache_flush_all.o)
 .debug_aranges
                0x000007a8       0x20 ../software_bsp/\libhal_bsp.a(alt_iic.o)
 .debug_aranges
                0x000007c8       0x20 ../software_bsp/\libhal_bsp.a(alt_iic_isr_register.o)
 .debug_aranges
                0x000007e8       0x20 ../software_bsp/\libhal_bsp.a(alt_io_redirect.o)
 .debug_aranges
                0x00000808       0x30 ../software_bsp/\libhal_bsp.a(alt_irq_entry.o)
 .debug_aranges
                0x00000838       0x28 ../software_bsp/\libhal_bsp.a(alt_irq_handler.o)
 .debug_aranges
                0x00000860       0x20 ../software_bsp/\libhal_bsp.a(alt_open.o)
 .debug_aranges
                0x00000880       0x20 ../software_bsp/\libhal_bsp.a(alt_release_fd.o)
 .debug_aranges
                0x000008a0       0x20 ../software_bsp/\libhal_bsp.a(altera_nios2_qsys_irq.o)
 .debug_aranges
                0x000008c0       0x38 ../software_bsp/\libhal_bsp.a(alt_exception_entry.o)
 .debug_aranges
                0x000008f8       0x20 ../software_bsp/\libhal_bsp.a(alt_find_dev.o)
 .debug_aranges
                0x00000918       0x20 ../software_bsp/\libhal_bsp.a(alt_find_file.o)
 .debug_aranges
                0x00000938       0x20 ../software_bsp/\libhal_bsp.a(alt_get_fd.o)
 .debug_aranges
                0x00000958       0x20 ../software_bsp/\libhal_bsp.a(alt_icache_flush.o)
 .debug_aranges
                0x00000978       0x20 c:/altera/nios2eds/bin/gnu/h-i686-mingw32/bin/../lib/gcc/nios2-elf/4.1.2/../../../../nios2-elf/lib\libc.a(lib_a-exit.o)
 .debug_aranges
                0x00000998       0x20 c:/altera/nios2eds/bin/gnu/h-i686-mingw32/bin/../lib/gcc/nios2-elf/4.1.2/../../../../nios2-elf/lib\libc.a(lib_a-fputs.o)
 .debug_aranges
                0x000009b8       0x20 c:/altera/nios2eds/bin/gnu/h-i686-mingw32/bin/../lib/gcc/nios2-elf/4.1.2/../../../../nios2-elf/lib\libc.a(lib_a-fvwrite.o)
 .debug_aranges
                0x000009d8       0x20 c:/altera/nios2eds/bin/gnu/h-i686-mingw32/bin/../lib/gcc/nios2-elf/4.1.2/../../../../nios2-elf/lib\libc.a(lib_a-memchr.o)
 .debug_aranges
                0x000009f8       0x20 c:/altera/nios2eds/bin/gnu/h-i686-mingw32/bin/../lib/gcc/nios2-elf/4.1.2/../../../../nios2-elf/lib\libc.a(lib_a-memcmp.o)
 .debug_aranges
                0x00000a18       0x20 c:/altera/nios2eds/bin/gnu/h-i686-mingw32/bin/../lib/gcc/nios2-elf/4.1.2/../../../../nios2-elf/lib\libc.a(lib_a-strlen.o)
 .debug_aranges
                0x00000a38       0x20 c:/altera/nios2eds/bin/gnu/h-i686-mingw32/bin/../lib/gcc/nios2-elf/4.1.2/../../../../nios2-elf/lib\libc.a(lib_a-wsetup.o)
 .debug_aranges
                0x00000a58       0x20 c:/altera/nios2eds/bin/gnu/h-i686-mingw32/bin/../lib/gcc/nios2-elf/4.1.2/../../../../nios2-elf/lib\libc.a(lib_a-__call_atexit.o)
 .debug_aranges
                0x00000a78       0x20 c:/altera/nios2eds/bin/gnu/h-i686-mingw32/bin/../lib/gcc/nios2-elf/4.1.2/../../../../nios2-elf/lib\libc.a(lib_a-fflush.o)
 .debug_aranges
                0x00000a98       0x20 c:/altera/nios2eds/bin/gnu/h-i686-mingw32/bin/../lib/gcc/nios2-elf/4.1.2/../../../../nios2-elf/lib\libc.a(lib_a-findfp.o)
 .debug_aranges
                0x00000ab8       0x20 c:/altera/nios2eds/bin/gnu/h-i686-mingw32/bin/../lib/gcc/nios2-elf/4.1.2/../../../../nios2-elf/lib\libc.a(lib_a-fwalk.o)
 .debug_aranges
                0x00000ad8       0x20 c:/altera/nios2eds/bin/gnu/h-i686-mingw32/bin/../lib/gcc/nios2-elf/4.1.2/../../../../nios2-elf/lib\libc.a(lib_a-makebuf.o)
 .debug_aranges
                0x00000af8       0x20 c:/altera/nios2eds/bin/gnu/h-i686-mingw32/bin/../lib/gcc/nios2-elf/4.1.2/../../../../nios2-elf/lib\libc.a(lib_a-stdio.o)
 .debug_aranges
                0x00000b18       0x20 c:/altera/nios2eds/bin/gnu/h-i686-mingw32/bin/../lib/gcc/nios2-elf/4.1.2/../../../../nios2-elf/lib\libc.a(lib_a-writer.o)
 .debug_aranges
                0x00000b38       0x20 c:/altera/nios2eds/bin/gnu/h-i686-mingw32/bin/../lib/gcc/nios2-elf/4.1.2/../../../../nios2-elf/lib\libc.a(lib_a-closer.o)
 .debug_aranges
                0x00000b58       0x20 c:/altera/nios2eds/bin/gnu/h-i686-mingw32/bin/../lib/gcc/nios2-elf/4.1.2/../../../../nios2-elf/lib\libc.a(lib_a-fclose.o)
 .debug_aranges
                0x00000b78       0x20 c:/altera/nios2eds/bin/gnu/h-i686-mingw32/bin/../lib/gcc/nios2-elf/4.1.2/../../../../nios2-elf/lib\libc.a(lib_a-fstatr.o)
 .debug_aranges
                0x00000b98       0x20 c:/altera/nios2eds/bin/gnu/h-i686-mingw32/bin/../lib/gcc/nios2-elf/4.1.2/../../../../nios2-elf/lib\libc.a(lib_a-isattyr.o)
 .debug_aranges
                0x00000bb8       0x20 c:/altera/nios2eds/bin/gnu/h-i686-mingw32/bin/../lib/gcc/nios2-elf/4.1.2/../../../../nios2-elf/lib\libc.a(lib_a-lseekr.o)
 .debug_aranges
                0x00000bd8       0x20 c:/altera/nios2eds/bin/gnu/h-i686-mingw32/bin/../lib/gcc/nios2-elf/4.1.2/../../../../nios2-elf/lib\libc.a(lib_a-readr.o)
 .debug_aranges
                0x00000bf8       0x20 ../software_bsp/\libhal_bsp.a(alt_exit.o)
 .debug_aranges
                0x00000c18       0x20 ../software_bsp/\libhal_bsp.a(alt_fstat.o)
 .debug_aranges
                0x00000c38       0x20 ../software_bsp/\libhal_bsp.a(alt_isatty.o)
 .debug_aranges
                0x00000c58       0x20 ../software_bsp/\libhal_bsp.a(alt_lseek.o)
 .debug_aranges
                0x00000c78       0x20 ../software_bsp/\libhal_bsp.a(alt_read.o)
 .debug_aranges
                0x00000c98       0x20 ../software_bsp/\libhal_bsp.a(alt_write.o)

.debug_pubnames
                0x00000000     0x1326
 *(.debug_pubnames)
 .debug_pubnames
                0x00000000       0x3f obj/default/hello_world.o
 .debug_pubnames
                0x0000003f       0x2c c:/altera/nios2eds/bin/gnu/h-i686-mingw32/bin/../lib/gcc/nios2-elf/4.1.2\libgcc.a(_addsub_sf.o)
 .debug_pubnames
                0x0000006b       0x1f c:/altera/nios2eds/bin/gnu/h-i686-mingw32/bin/../lib/gcc/nios2-elf/4.1.2\libgcc.a(_mul_sf.o)
 .debug_pubnames
                0x0000008a       0x1f c:/altera/nios2eds/bin/gnu/h-i686-mingw32/bin/../lib/gcc/nios2-elf/4.1.2\libgcc.a(_div_sf.o)
 .debug_pubnames
                0x000000a9       0x24 c:/altera/nios2eds/bin/gnu/h-i686-mingw32/bin/../lib/gcc/nios2-elf/4.1.2\libgcc.a(_sf_to_df.o)
 .debug_pubnames
                0x000000cd       0x22 c:/altera/nios2eds/bin/gnu/h-i686-mingw32/bin/../lib/gcc/nios2-elf/4.1.2\libgcc.a(_thenan_sf.o)
 .debug_pubnames
                0x000000ef       0x2c c:/altera/nios2eds/bin/gnu/h-i686-mingw32/bin/../lib/gcc/nios2-elf/4.1.2\libgcc.a(_addsub_df.o)
 .debug_pubnames
                0x0000011b       0x1f c:/altera/nios2eds/bin/gnu/h-i686-mingw32/bin/../lib/gcc/nios2-elf/4.1.2\libgcc.a(_div_df.o)
 .debug_pubnames
                0x0000013a       0x20 c:/altera/nios2eds/bin/gnu/h-i686-mingw32/bin/../lib/gcc/nios2-elf/4.1.2\libgcc.a(_make_df.o)
 .debug_pubnames
                0x0000015a       0x22 c:/altera/nios2eds/bin/gnu/h-i686-mingw32/bin/../lib/gcc/nios2-elf/4.1.2\libgcc.a(_thenan_df.o)
 .debug_pubnames
                0x0000017c       0x24 c:/altera/nios2eds/bin/gnu/h-i686-mingw32/bin/../lib/gcc/nios2-elf/4.1.2\libgcc.a(_usi_to_df.o)
 .debug_pubnames
                0x000001a0       0x1f c:/altera/nios2eds/bin/gnu/h-i686-mingw32/bin/../lib/gcc/nios2-elf/4.1.2\libgcc.a(_muldi3.o)
 .debug_pubnames
                0x000001bf       0x1f c:/altera/nios2eds/bin/gnu/h-i686-mingw32/bin/../lib/gcc/nios2-elf/4.1.2\libgcc.a(_clzsi2.o)
 .debug_pubnames
                0x000001de       0x1f c:/altera/nios2eds/bin/gnu/h-i686-mingw32/bin/../lib/gcc/nios2-elf/4.1.2\libgcc.a(_pack_sf.o)
 .debug_pubnames
                0x000001fd       0x21 c:/altera/nios2eds/bin/gnu/h-i686-mingw32/bin/../lib/gcc/nios2-elf/4.1.2\libgcc.a(_unpack_sf.o)
 .debug_pubnames
                0x0000021e       0x1f c:/altera/nios2eds/bin/gnu/h-i686-mingw32/bin/../lib/gcc/nios2-elf/4.1.2\libgcc.a(_pack_df.o)
 .debug_pubnames
                0x0000023d       0x21 c:/altera/nios2eds/bin/gnu/h-i686-mingw32/bin/../lib/gcc/nios2-elf/4.1.2\libgcc.a(_unpack_df.o)
 .debug_pubnames
                0x0000025e       0x20 c:/altera/nios2eds/bin/gnu/h-i686-mingw32/bin/../lib/gcc/nios2-elf/4.1.2\libgcc.a(_clz.o)
 .debug_pubnames
                0x0000027e       0x4b c:/altera/nios2eds/bin/gnu/h-i686-mingw32/bin/../lib/gcc/nios2-elf/4.1.2/../../../../nios2-elf/lib\libc.a(lib_a-efgcvt.o)
 .debug_pubnames
                0x000002c9       0x39 c:/altera/nios2eds/bin/gnu/h-i686-mingw32/bin/../lib/gcc/nios2-elf/4.1.2/../../../../nios2-elf/lib\libc.a(lib_a-impure.o)
 .debug_pubnames
                0x00000302       0x26 c:/altera/nios2eds/bin/gnu/h-i686-mingw32/bin/../lib/gcc/nios2-elf/4.1.2/../../../../nios2-elf/lib\libc.a(lib_a-malloc.o)
 .debug_pubnames
                0x00000328       0xce c:/altera/nios2eds/bin/gnu/h-i686-mingw32/bin/../lib/gcc/nios2-elf/4.1.2/../../../../nios2-elf/lib\libc.a(lib_a-mallocr.o)
 .debug_pubnames
                0x000003f6       0x1d c:/altera/nios2eds/bin/gnu/h-i686-mingw32/bin/../lib/gcc/nios2-elf/4.1.2/../../../../nios2-elf/lib\libc.a(lib_a-memcpy.o)
 .debug_pubnames
                0x00000413       0x1e c:/altera/nios2eds/bin/gnu/h-i686-mingw32/bin/../lib/gcc/nios2-elf/4.1.2/../../../../nios2-elf/lib\libc.a(lib_a-sbrkr.o)
 .debug_pubnames
                0x00000431       0x3e c:/altera/nios2eds/bin/gnu/h-i686-mingw32/bin/../lib/gcc/nios2-elf/4.1.2/../../../../nios2-elf/lib\libc.a(lib_a-ecvtbuf.o)
 .debug_pubnames
                0x0000046f       0x31 c:/altera/nios2eds/bin/gnu/h-i686-mingw32/bin/../lib/gcc/nios2-elf/4.1.2/../../../../nios2-elf/lib\libc.a(lib_a-freer.o)
 .debug_pubnames
                0x000004a0       0x1c c:/altera/nios2eds/bin/gnu/h-i686-mingw32/bin/../lib/gcc/nios2-elf/4.1.2/../../../../nios2-elf/lib\libc.a(lib_a-int_errno.o)
 .debug_pubnames
                0x000004bc      0x13a c:/altera/nios2eds/bin/gnu/h-i686-mingw32/bin/../lib/gcc/nios2-elf/4.1.2/../../../../nios2-elf/lib\libc.a(lib_a-mprec.o)
 .debug_pubnames
                0x000005f6       0x21 c:/altera/nios2eds/bin/gnu/h-i686-mingw32/bin/../lib/gcc/nios2-elf/4.1.2/../../../../nios2-elf/lib\libc.a(lib_a-reallocr.o)
 .debug_pubnames
                0x00000617       0x1d c:/altera/nios2eds/bin/gnu/h-i686-mingw32/bin/../lib/gcc/nios2-elf/4.1.2/../../../../nios2-elf/lib\libc.a(lib_a-strcpy.o)
 .debug_pubnames
                0x00000634       0x20 c:/altera/nios2eds/bin/gnu/h-i686-mingw32/bin/../lib/gcc/nios2-elf/4.1.2/../../../../nios2-elf/lib\libc.a(lib_a-callocr.o)
 .debug_pubnames
                0x00000654       0x1e c:/altera/nios2eds/bin/gnu/h-i686-mingw32/bin/../lib/gcc/nios2-elf/4.1.2/../../../../nios2-elf/lib\libc.a(lib_a-dtoa.o)
 .debug_pubnames
                0x00000672       0x1e c:/altera/nios2eds/bin/gnu/h-i686-mingw32/bin/../lib/gcc/nios2-elf/4.1.2/../../../../nios2-elf/lib\libc.a(lib_a-memmove.o)
 .debug_pubnames
                0x00000690       0x1d c:/altera/nios2eds/bin/gnu/h-i686-mingw32/bin/../lib/gcc/nios2-elf/4.1.2/../../../../nios2-elf/lib\libc.a(lib_a-memset.o)
 .debug_pubnames