------------------------------------------------------------
TimeQuest Timing Analyzer Summary
------------------------------------------------------------

Type  : Slow 1200mV 85C Model Setup 'sopc_clk'
Slack : 5.708
TNS   : 0.000

Type  : Slow 1200mV 85C Model Setup 'altera_reserved_tck'
Slack : 18.369
TNS   : 0.000

Type  : Slow 1200mV 85C Model Hold 'sopc_clk'
Slack : 0.267
TNS   : 0.000

Type  : Slow 1200mV 85C Model Hold 'altera_reserved_tck'
Slack : 0.288
TNS   : 0.000

Type  : Slow 1200mV 85C Model Recovery 'sopc_clk'
Slack : 6.893
TNS   : 0.000

Type  : Slow 1200mV 85C Model Recovery 'altera_reserved_tck'
Slack : 48.293
TNS   : 0.000

Type  : Slow 1200mV 85C Model Removal 'altera_reserved_tck'
Slack : 0.816
TNS   : 0.000

Type  : Slow 1200mV 85C Model Removal 'sopc_clk'
Slack : 1.224
TNS   : 0.000

Type  : Slow 1200mV 85C Model Minimum Pulse Width 'sopc_clk'
Slack : 9.302
TNS   : 0.000

Type  : Slow 1200mV 85C Model Minimum Pulse Width 'altera_reserved_tck'
Slack : 49.399
TNS   : 0.000

Type  : Slow 1200mV 0C Model Setup 'sopc_clk'
Slack : 6.690
TNS   : 0.000

Type  : Slow 1200mV 0C Model Setup 'altera_reserved_tck'
Slack : 18.779
TNS   : 0.000

Type  : Slow 1200mV 0C Model Hold 'altera_reserved_tck'
Slack : 0.249
TNS   : 0.000

Type  : Slow 1200mV 0C Model Hold 'sopc_clk'
Slack : 0.266
TNS   : 0.000

Type  : Slow 1200mV 0C Model Recovery 'sopc_clk'
Slack : 7.256
TNS   : 0.000

Type  : Slow 1200mV 0C Model Recovery 'altera_reserved_tck'
Slack : 48.555
TNS   : 0.000

Type  : Slow 1200mV 0C Model Removal 'altera_reserved_tck'
Slack : 0.731
TNS   : 0.000

Type  : Slow 1200mV 0C Model Removal 'sopc_clk'
Slack : 1.101
TNS   : 0.000

Type  : Slow 1200mV 0C Model Minimum Pulse Width 'sopc_clk'
Slack : 9.334
TNS   : 0.000

Type  : Slow 1200mV 0C Model Minimum Pulse Width 'altera_reserved_tck'
Slack : 49.364
TNS   : 0.000

Type  : Fast 1200mV 0C Model Setup 'sopc_clk'
Slack : 7.800
TNS   : 0.000

Type  : Fast 1200mV 0C Model Setup 'altera_reserved_tck'
Slack : 22.954
TNS   : 0.000

Type  : Fast 1200mV 0C Model Hold 'sopc_clk'
Slack : 0.125
TNS   : 0.000

Type  : Fast 1200mV 0C Model Hold 'altera_reserved_tck'
Slack : 0.143
TNS   : 0.000

Type  : Fast 1200mV 0C Model Recovery 'sopc_clk'
Slack : 8.548
TNS   : 0.000

Type  : Fast 1200mV 0C Model Recovery 'altera_reserved_tck'
Slack : 49.338
TNS   : 0.000

Type  : Fast 1200mV 0C Model Removal 'altera_reserved_tck'
Slack : 0.451
TNS   : 0.000

Type  : Fast 1200mV 0C Model Removal 'sopc_clk'
Slack : 0.682
TNS   : 0.000

Type  : Fast 1200mV 0C Model Minimum Pulse Width 'sopc_clk'
Slack : 9.147
TNS   : 0.000

Type  : Fast 1200mV 0C Model Minimum Pulse Width 'altera_reserved_tck'
Slack : 49.223
TNS   : 0.000

------------------------------------------------------------
