------------------------------------------------------------
TimeQuest Timing Analyzer Summary
------------------------------------------------------------

Type  : Slow 1200mV 85C Model Setup 'sopc_clk'
Slack : 6.283
TNS   : 0.000

Type  : Slow 1200mV 85C Model Setup 'altera_reserved_tck'
Slack : 18.565
TNS   : 0.000

Type  : Slow 1200mV 85C Model Hold 'sopc_clk'
Slack : 0.271
TNS   : 0.000

Type  : Slow 1200mV 85C Model Hold 'altera_reserved_tck'
Slack : 0.288
TNS   : 0.000

Type  : Slow 1200mV 85C Model Recovery 'sopc_clk'
Slack : 6.710
TNS   : 0.000

Type  : Slow 1200mV 85C Model Recovery 'altera_reserved_tck'
Slack : 48.380
TNS   : 0.000

Type  : Slow 1200mV 85C Model Removal 'altera_reserved_tck'
Slack : 0.834
TNS   : 0.000

Type  : Slow 1200mV 85C Model Removal 'sopc_clk'
Slack : 3.001
TNS   : 0.000

Type  : Slow 1200mV 85C Model Minimum Pulse Width 'sopc_clk'
Slack : 9.308
TNS   : 0.000

Type  : Slow 1200mV 85C Model Minimum Pulse Width 'altera_reserved_tck'
Slack : 49.400
TNS   : 0.000

Type  : Slow 1200mV 0C Model Setup 'sopc_clk'
Slack : 6.714
TNS   : 0.000

Type  : Slow 1200mV 0C Model Setup 'altera_reserved_tck'
Slack : 18.950
TNS   : 0.000

Type  : Slow 1200mV 0C Model Hold 'altera_reserved_tck'
Slack : 0.249
TNS   : 0.000

Type  : Slow 1200mV 0C Model Hold 'sopc_clk'
Slack : 0.270
TNS   : 0.000

Type  : Slow 1200mV 0C Model Recovery 'sopc_clk'
Slack : 7.097
TNS   : 0.000

Type  : Slow 1200mV 0C Model Recovery 'altera_reserved_tck'
Slack : 48.628
TNS   : 0.000

Type  : Slow 1200mV 0C Model Removal 'altera_reserved_tck'
Slack : 0.746
TNS   : 0.000

Type  : Slow 1200mV 0C Model Removal 'sopc_clk'
Slack : 2.687
TNS   : 0.000

Type  : Slow 1200mV 0C Model Minimum Pulse Width 'sopc_clk'
Slack : 9.338
TNS   : 0.000

Type  : Slow 1200mV 0C Model Minimum Pulse Width 'altera_reserved_tck'
Slack : 49.365
TNS   : 0.000

Type  : Fast 1200mV 0C Model Setup 'sopc_clk'
Slack : 7.484
TNS   : 0.000

Type  : Fast 1200mV 0C Model Setup 'altera_reserved_tck'
Slack : 23.091
TNS   : 0.000

Type  : Fast 1200mV 0C Model Hold 'sopc_clk'
Slack : 0.132
TNS   : 0.000

Type  : Fast 1200mV 0C Model Hold 'altera_reserved_tck'
Slack : 0.144
TNS   : 0.000

Type  : Fast 1200mV 0C Model Recovery 'sopc_clk'
Slack : 8.479
TNS   : 0.000

Type  : Fast 1200mV 0C Model Recovery 'altera_reserved_tck'
Slack : 49.392
TNS   : 0.000

Type  : Fast 1200mV 0C Model Removal 'altera_reserved_tck'
Slack : 0.463
TNS   : 0.000

Type  : Fast 1200mV 0C Model Removal 'sopc_clk'
Slack : 1.695
TNS   : 0.000

Type  : Fast 1200mV 0C Model Minimum Pulse Width 'sopc_clk'
Slack : 9.147
TNS   : 0.000

Type  : Fast 1200mV 0C Model Minimum Pulse Width 'altera_reserved_tck'
Slack : 49.225
TNS   : 0.000

------------------------------------------------------------
