------------------------------------------------------------
TimeQuest Timing Analyzer Summary
------------------------------------------------------------

Type  : Slow 1200mV 85C Model Setup 'sopc_clk'
Slack : 5.564
TNS   : 0.000

Type  : Slow 1200mV 85C Model Setup 'altera_reserved_tck'
Slack : 18.333
TNS   : 0.000

Type  : Slow 1200mV 85C Model Hold 'sopc_clk'
Slack : 0.230
TNS   : 0.000

Type  : Slow 1200mV 85C Model Hold 'altera_reserved_tck'
Slack : 0.287
TNS   : 0.000

Type  : Slow 1200mV 85C Model Recovery 'sopc_clk'
Slack : 6.336
TNS   : 0.000

Type  : Slow 1200mV 85C Model Recovery 'altera_reserved_tck'
Slack : 47.282
TNS   : 0.000

Type  : Slow 1200mV 85C Model Removal 'altera_reserved_tck'
Slack : 0.814
TNS   : 0.000

Type  : Slow 1200mV 85C Model Removal 'sopc_clk'
Slack : 1.248
TNS   : 0.000

Type  : Slow 1200mV 85C Model Minimum Pulse Width 'sopc_clk'
Slack : 9.304
TNS   : 0.000

Type  : Slow 1200mV 85C Model Minimum Pulse Width 'altera_reserved_tck'
Slack : 49.400
TNS   : 0.000

Type  : Slow 1200mV 0C Model Setup 'sopc_clk'
Slack : 6.746
TNS   : 0.000

Type  : Slow 1200mV 0C Model Setup 'altera_reserved_tck'
Slack : 18.738
TNS   : 0.000

Type  : Slow 1200mV 0C Model Hold 'sopc_clk'
Slack : 0.227
TNS   : 0.000

Type  : Slow 1200mV 0C Model Hold 'altera_reserved_tck'
Slack : 0.249
TNS   : 0.000

Type  : Slow 1200mV 0C Model Recovery 'sopc_clk'
Slack : 6.746
TNS   : 0.000

Type  : Slow 1200mV 0C Model Recovery 'altera_reserved_tck'
Slack : 47.661
TNS   : 0.000

Type  : Slow 1200mV 0C Model Removal 'altera_reserved_tck'
Slack : 0.730
TNS   : 0.000

Type  : Slow 1200mV 0C Model Removal 'sopc_clk'
Slack : 1.121
TNS   : 0.000

Type  : Slow 1200mV 0C Model Minimum Pulse Width 'sopc_clk'
Slack : 9.334
TNS   : 0.000

Type  : Slow 1200mV 0C Model Minimum Pulse Width 'altera_reserved_tck'
Slack : 49.366
TNS   : 0.000

Type  : Fast 1200mV 0C Model Setup 'sopc_clk'
Slack : 7.570
TNS   : 0.000

Type  : Fast 1200mV 0C Model Setup 'altera_reserved_tck'
Slack : 22.927
TNS   : 0.000

Type  : Fast 1200mV 0C Model Hold 'sopc_clk'
Slack : 0.100
TNS   : 0.000

Type  : Fast 1200mV 0C Model Hold 'altera_reserved_tck'
Slack : 0.143
TNS   : 0.000

Type  : Fast 1200mV 0C Model Recovery 'sopc_clk'
Slack : 8.186
TNS   : 0.000

Type  : Fast 1200mV 0C Model Recovery 'altera_reserved_tck'
Slack : 48.714
TNS   : 0.000

Type  : Fast 1200mV 0C Model Removal 'altera_reserved_tck'
Slack : 0.449
TNS   : 0.000

Type  : Fast 1200mV 0C Model Removal 'sopc_clk'
Slack : 0.691
TNS   : 0.000

Type  : Fast 1200mV 0C Model Minimum Pulse Width 'sopc_clk'
Slack : 9.147
TNS   : 0.000

Type  : Fast 1200mV 0C Model Minimum Pulse Width 'altera_reserved_tck'
Slack : 49.223
TNS   : 0.000

------------------------------------------------------------
